Archive member included to satisfy reference by file (symbol)

c:/program files (x86)/atmel/studio/7.0/toolchain/avr8/avr8-gnu-toolchain/bin/../lib/gcc/avr/4.9.2/../../../../avr/lib/avr5\libm.a(addsf3.o)
                              VirtualSerial.o (__subsf3)
c:/program files (x86)/atmel/studio/7.0/toolchain/avr8/avr8-gnu-toolchain/bin/../lib/gcc/avr/4.9.2/../../../../avr/lib/avr5\libm.a(addsf3x.o)
                              c:/program files (x86)/atmel/studio/7.0/toolchain/avr8/avr8-gnu-toolchain/bin/../lib/gcc/avr/4.9.2/../../../../avr/lib/avr5\libm.a(addsf3.o) (__addsf3x)
c:/program files (x86)/atmel/studio/7.0/toolchain/avr8/avr8-gnu-toolchain/bin/../lib/gcc/avr/4.9.2/../../../../avr/lib/avr5\libm.a(floatsisf.o)
                              VirtualSerial.o (__floatunsisf)
c:/program files (x86)/atmel/studio/7.0/toolchain/avr8/avr8-gnu-toolchain/bin/../lib/gcc/avr/4.9.2/../../../../avr/lib/avr5\libm.a(fp_inf.o)
                              c:/program files (x86)/atmel/studio/7.0/toolchain/avr8/avr8-gnu-toolchain/bin/../lib/gcc/avr/4.9.2/../../../../avr/lib/avr5\libm.a(addsf3x.o) (__fp_inf)
c:/program files (x86)/atmel/studio/7.0/toolchain/avr8/avr8-gnu-toolchain/bin/../lib/gcc/avr/4.9.2/../../../../avr/lib/avr5\libm.a(fp_nan.o)
                              c:/program files (x86)/atmel/studio/7.0/toolchain/avr8/avr8-gnu-toolchain/bin/../lib/gcc/avr/4.9.2/../../../../avr/lib/avr5\libm.a(addsf3x.o) (__fp_nan)
c:/program files (x86)/atmel/studio/7.0/toolchain/avr8/avr8-gnu-toolchain/bin/../lib/gcc/avr/4.9.2/../../../../avr/lib/avr5\libm.a(fp_pscA.o)
                              c:/program files (x86)/atmel/studio/7.0/toolchain/avr8/avr8-gnu-toolchain/bin/../lib/gcc/avr/4.9.2/../../../../avr/lib/avr5\libm.a(addsf3x.o) (__fp_pscA)
c:/program files (x86)/atmel/studio/7.0/toolchain/avr8/avr8-gnu-toolchain/bin/../lib/gcc/avr/4.9.2/../../../../avr/lib/avr5\libm.a(fp_pscB.o)
                              c:/program files (x86)/atmel/studio/7.0/toolchain/avr8/avr8-gnu-toolchain/bin/../lib/gcc/avr/4.9.2/../../../../avr/lib/avr5\libm.a(addsf3x.o) (__fp_pscB)
c:/program files (x86)/atmel/studio/7.0/toolchain/avr8/avr8-gnu-toolchain/bin/../lib/gcc/avr/4.9.2/../../../../avr/lib/avr5\libm.a(fp_round.o)
                              c:/program files (x86)/atmel/studio/7.0/toolchain/avr8/avr8-gnu-toolchain/bin/../lib/gcc/avr/4.9.2/../../../../avr/lib/avr5\libm.a(addsf3.o) (__fp_round)
c:/program files (x86)/atmel/studio/7.0/toolchain/avr8/avr8-gnu-toolchain/bin/../lib/gcc/avr/4.9.2/../../../../avr/lib/avr5\libm.a(fp_split3.o)
                              c:/program files (x86)/atmel/studio/7.0/toolchain/avr8/avr8-gnu-toolchain/bin/../lib/gcc/avr/4.9.2/../../../../avr/lib/avr5\libm.a(addsf3x.o) (__fp_split3)
c:/program files (x86)/atmel/studio/7.0/toolchain/avr8/avr8-gnu-toolchain/bin/../lib/gcc/avr/4.9.2/../../../../avr/lib/avr5\libm.a(fp_zero.o)
                              c:/program files (x86)/atmel/studio/7.0/toolchain/avr8/avr8-gnu-toolchain/bin/../lib/gcc/avr/4.9.2/../../../../avr/lib/avr5\libm.a(addsf3x.o) (__fp_zero)
c:/program files (x86)/atmel/studio/7.0/toolchain/avr8/avr8-gnu-toolchain/bin/../lib/gcc/avr/4.9.2/../../../../avr/lib/avr5\libm.a(mulsf3.o)
                              VirtualSerial.o (__mulsf3)
c:/program files (x86)/atmel/studio/7.0/toolchain/avr8/avr8-gnu-toolchain/bin/../lib/gcc/avr/4.9.2/../../../../avr/lib/avr5\libm.a(mulsf3x.o)
                              c:/program files (x86)/atmel/studio/7.0/toolchain/avr8/avr8-gnu-toolchain/bin/../lib/gcc/avr/4.9.2/../../../../avr/lib/avr5\libm.a(mulsf3.o) (__mulsf3x)
c:/program files (x86)/atmel/studio/7.0/toolchain/avr8/avr8-gnu-toolchain/bin/../lib/gcc/avr/4.9.2/../../../../avr/lib/avr5\libprintf_flt.a(vfprintf_flt.o)
                              (vfprintf)
c:/program files (x86)/atmel/studio/7.0/toolchain/avr8/avr8-gnu-toolchain/bin/../lib/gcc/avr/4.9.2/avr5\libgcc.a(_udivmodsi4.o)
                              pressure.o (__udivmodsi4)
c:/program files (x86)/atmel/studio/7.0/toolchain/avr8/avr8-gnu-toolchain/bin/../lib/gcc/avr/4.9.2/avr5\libgcc.a(_exit.o)
                              C:/Program Files (x86)/Atmel/Studio/7.0/Packs/atmel/ATmega_DFP/1.0.98/gcc/dev/atmega32u4/avr5/crtatmega32u4.o (exit)
c:/program files (x86)/atmel/studio/7.0/toolchain/avr8/avr8-gnu-toolchain/bin/../lib/gcc/avr/4.9.2/avr5\libgcc.a(_copy_data.o)
                              src/LUFA/LUFA/Drivers/USB/Class/Device/CDCClassDevice.o (__do_copy_data)
c:/program files (x86)/atmel/studio/7.0/toolchain/avr8/avr8-gnu-toolchain/bin/../lib/gcc/avr/4.9.2/avr5\libgcc.a(_clear_bss.o)
                              pressure.o (__do_clear_bss)
c:/program files (x86)/atmel/studio/7.0/toolchain/avr8/avr8-gnu-toolchain/bin/../lib/gcc/avr/4.9.2/avr5\libgcc.a(_muluhisi3.o)
                              pressure.o (__muluhisi3)
c:/program files (x86)/atmel/studio/7.0/toolchain/avr8/avr8-gnu-toolchain/bin/../lib/gcc/avr/4.9.2/avr5\libgcc.a(_prologue.o)
[...]
Memory Configuration

Name             Origin             Length             Attributes
text             0x00000000         0x00020000         xr
data             0x00800060         0x0000ffa0         rw !x
eeprom           0x00810000         0x00010000         rw !x
fuse             0x00820000         0x00000400         rw !x
lock             0x00830000         0x00000400         rw !x
signature        0x00840000         0x00000400         rw !x
user_signatures  0x00850000         0x00000400         rw !x
*default*        0x00000000         0xffffffff

Linker script and memory map

Address of section .data set to 0x800100
LOAD C:/Program Files (x86)/Atmel/Studio/7.0/Packs/atmel/ATmega_DFP/1.0.98/gcc/dev/atmega32u4/avr5/crtatmega32u4.o
LOAD ADC.o
LOAD Descriptors.o
LOAD lcd_lib_2.o
LOAD pressure.o
LOAD Relay.o
LOAD src/LUFA/LUFA/Drivers/USB/Class/Common/HIDParser.o
LOAD src/LUFA/LUFA/Drivers/USB/Class/Device/AudioClassDevice.o
LOAD src/LUFA/LUFA/Drivers/USB/Class/Device/CDCClassDevice.o
LOAD src/LUFA/LUFA/Drivers/USB/Class/Device/HIDClassDevice.o
LOAD src/LUFA/LUFA/Drivers/USB/Class/Device/MassStorageClassDevice.o
LOAD src/LUFA/LUFA/Drivers/USB/Class/Device/MIDIClassDevice.o
LOAD src/LUFA/LUFA/Drivers/USB/Class/Device/PrinterClassDevice.o
LOAD src/LUFA/LUFA/Drivers/USB/Class/Device/RNDISClassDevice.o
LOAD src/LUFA/LUFA/Drivers/USB/Class/Host/AndroidAccessoryClassHost.o
LOAD src/LUFA/LUFA/Drivers/USB/Class/Host/AudioClassHost.o
LOAD src/LUFA/LUFA/Drivers/USB/Class/Host/CDCClassHost.o
LOAD src/LUFA/LUFA/Drivers/USB/Class/Host/HIDClassHost.o
LOAD src/LUFA/LUFA/Drivers/USB/Class/Host/MassStorageClassHost.o
LOAD src/LUFA/LUFA/Drivers/USB/Class/Host/MIDIClassHost.o
LOAD src/LUFA/LUFA/Drivers/USB/Class/Host/PrinterClassHost.o
LOAD src/LUFA/LUFA/Drivers/USB/Class/Host/RNDISClassHost.o
LOAD src/LUFA/LUFA/Drivers/USB/Class/Host/StillImageClassHost.o
LOAD src/LUFA/LUFA/Drivers/USB/Core/AVR8/Device_AVR8.o
LOAD src/LUFA/LUFA/Drivers/USB/Core/AVR8/EndpointStream_AVR8.o
LOAD src/LUFA/LUFA/Drivers/USB/Core/AVR8/Endpoint_AVR8.o
LOAD src/LUFA/LUFA/Drivers/USB/Core/AVR8/Host_AVR8.o
LOAD src/LUFA/LUFA/Drivers/USB/Core/AVR8/PipeStream_AVR8.o
LOAD src/LUFA/LUFA/Drivers/USB/Core/AVR8/Pipe_AVR8.o
LOAD src/LUFA/LUFA/Drivers/USB/Core/AVR8/Template/Template_Endpoint_Control_R.o
LOAD src/LUFA/LUFA/Drivers/USB/Core/AVR8/Template/Template_Endpoint_Control_W.o
LOAD src/LUFA/LUFA/Drivers/USB/Core/AVR8/Template/Template_Endpoint_RW.o
LOAD src/LUFA/LUFA/Drivers/USB/Core/AVR8/Template/Template_Pipe_RW.o
LOAD src/LUFA/LUFA/Drivers/USB/Core/AVR8/USBController_AVR8.o
LOAD src/LUFA/LUFA/Drivers/USB/Core/AVR8/USBInterrupt_AVR8.o
LOAD src/LUFA/LUFA/Drivers/USB/Core/ConfigDescriptors.o
LOAD src/LUFA/LUFA/Drivers/USB/Core/DeviceStandardReq.o
LOAD src/LUFA/LUFA/Drivers/USB/Core/Events.o
LOAD src/LUFA/LUFA/Drivers/USB/Core/HostStandardReq.o
LOAD src/LUFA/LUFA/Drivers/USB/Core/USBTask.o
LOAD VirtualSerial.o
START GROUP
LOAD c:/program files (x86)/atmel/studio/7.0/toolchain/avr8/avr8-gnu-toolchain/bin/../lib/gcc/avr/4.9.2/../../../../avr/lib/avr5\libm.a
LOAD c:/program files (x86)/atmel/studio/7.0/toolchain/avr8/avr8-gnu-toolchain/bin/../lib/gcc/avr/4.9.2/../../../../avr/lib/avr5\libprintf_flt.a
END GROUP
START GROUP
LOAD c:/program files (x86)/atmel/studio/7.0/toolchain/avr8/avr8-gnu-toolchain/bin/../lib/gcc/avr/4.9.2/avr5\libgcc.a
LOAD c:/program files (x86)/atmel/studio/7.0/toolchain/avr8/avr8-gnu-toolchain/bin/../lib/gcc/avr/4.9.2/../../../../avr/lib/avr5\libm.a
LOAD c:/program files (x86)/atmel/studio/7.0/toolchain/avr8/avr8-gnu-toolchain/bin/../lib/gcc/avr/4.9.2/../../../../avr/lib/avr5\libc.a
LOAD C:/Program Files (x86)/Atmel/Studio/7.0/Packs/atmel/ATmega_DFP/1.0.98/gcc/dev/atmega32u4/avr5\libatmega32u4.a
END GROUP

.hash
 *(.hash)

.dynsym
 *(.dynsym)

.dynstr
 *(.dynstr)

.gnu.version
 *(.gnu.version)

.gnu.version_d
 *(.gnu.version_d)

.gnu.version_r
 *(.gnu.version_r)

.rel.init
 *(.rel.init)

.rela.init
 *(.rela.init)

.rel.text
 *(.rel.text)
 *(.rel.text.*)
 *(.rel.gnu.linkonce.t*)

.rela.text
 *(.rela.text)
 *(.rela.text.*)
 *(.rela.gnu.linkonce.t*)

.rel.fini
 *(.rel.fini)

.rela.fini
 *(.rela.fini)

.rel.rodata
 *(.rel.rodata)
 *(.rel.rodata.*)
 *(.rel.gnu.linkonce.r*)

.rela.rodata
 *(.rela.rodata)
 *(.rela.rodata.*)
 *(.rela.gnu.linkonce.r*)

.rel.data
 *(.rel.data)
 *(.rel.data.*)
 *(.rel.gnu.linkonce.d*)

.rela.data
 *(.rela.data)
 *(.rela.data.*)
 *(.rela.gnu.linkonce.d*)

.rel.ctors
 *(.rel.ctors)

.rela.ctors
 *(.rela.ctors)

.rel.dtors
 *(.rel.dtors)

.rela.dtors
 *(.rela.dtors)

.rel.got
 *(.rel.got)

.rela.got
 *(.rela.got)

.rel.bss
 *(.rel.bss)

.rela.bss
 *(.rela.bss)

.rel.plt
 *(.rel.plt)

.rela.plt
 *(.rela.plt)

.text           0x00000000     0x2e5e
 *(.vectors)
 .vectors       0x00000000       0xac C:/Program Files (x86)/Atmel/Studio/7.0/Packs/atmel/ATmega_DFP/1.0.98/gcc/dev/atmega32u4/avr5/crtatmega32u4.o
                0x00000000                __vector_default
                0x00000000                __vectors
 *(.vectors)
 *(.progmem.gcc*)
                0x000000ac                . = ALIGN (0x2)
                0x000000ac                __trampolines_start = .
 *(.trampolines)
 .trampolines   0x000000ac        0x0 linker stubs
 *(.trampolines*)
                0x000000ac                __trampolines_end = .
 *(.progmem*)
 .progmem.data.ProductString
                0x000000ac       0x1e Descriptors.o
                0x000000ac                ProductString
 .progmem.data.ManufacturerString
                0x000000ca       0x1a Descriptors.o
                0x000000ca                ManufacturerString
 .progmem.data.LanguageString
                0x000000e4        0x4 Descriptors.o
                0x000000e4                LanguageString
 .progmem.data.ConfigurationDescriptor
                0x000000e8       0x3e Descriptors.o
                0x000000e8                ConfigurationDescriptor
 .progmem.data.DeviceDescriptor
                0x00000126       0x12 Descriptors.o
                0x00000126                DeviceDescriptor
 .progmem.data  0x00000138        0x8 c:/program files (x86)/atmel/studio/7.0/toolchain/avr8/avr8-gnu-toolchain/bin/../lib/gcc/avr/4.9.2/../../../../avr/lib/avr5\libprintf_flt.a(vfprintf_flt.o)
 .progmem.data  0x00000140       0xfa c:/program files (x86)/atmel/studio/7.0/toolchain/avr8/avr8-gnu-toolchain/bin/../lib/gcc/avr/4.9.2/../../../../avr/lib/avr5\libc.a(ftoa_engine.o)
                0x0000023a                . = ALIGN (0x2)
 *(.jumptables)
 *(.jumptables*)
 *(.lowtext)
 *(.lowtext*)
                0x0000023a                __ctors_start = .
 *(.ctors)
                0x0000023a                __ctors_end = .
                0x0000023a                __dtors_start = .
 *(.dtors)
                0x0000023a                __dtors_end = .
 SORT(*)(.ctors)
 SORT(*)(.dtors)
 *(.init0)
 .init0         0x0000023a        0x0 C:/Program Files (x86)/Atmel/Studio/7.0/Packs/atmel/ATmega_DFP/1.0.98/gcc/dev/atmega32u4/avr5/crtatmega32u4.o
                0x0000023a                __init
 *(.init0)
 *(.init1)
 *(.init1)
 *(.init2)
 .init2         0x0000023a        0xc C:/Program Files (x86)/Atmel/Studio/7.0/Packs/atmel/ATmega_DFP/1.0.98/gcc/dev/atmega32u4/avr5/crtatmega32u4.o
 *(.init2)
 *(.init3)
 *(.init3)
 *(.init4)
 .init4         0x00000246       0x16 c:/program files (x86)/atmel/studio/7.0/toolchain/avr8/avr8-gnu-toolchain/bin/../lib/gcc/avr/4.9.2/avr5\libgcc.a(_copy_data.o)
                0x00000246                __do_copy_data
 .init4         0x0000025c       0x10 c:/program files (x86)/atmel/studio/7.0/toolchain/avr8/avr8-gnu-toolchain/bin/../lib/gcc/avr/4.9.2/avr5\libgcc.a(_clear_bss.o)
                0x0000025c                __do_clear_bss
 *(.init4)
 *(.init5)
 *(.init5)
 *(.init6)
 *(.init6)
 *(.init7)
 *(.init7)
 *(.init8)
 *(.init8)
 *(.init9)
 .init9         0x0000026c        0x8 C:/Program Files (x86)/Atmel/Studio/7.0/Packs/atmel/ATmega_DFP/1.0.98/gcc/dev/atmega32u4/avr5/crtatmega32u4.o
 *(.init9)
 *(.text)
 .text          0x00000274        0x2 C:/Program Files (x86)/Atmel/Studio/7.0/Packs/atmel/ATmega_DFP/1.0.98/gcc/dev/atmega32u4/avr5/crtatmega32u4.o
                0x00000274                __vector_38
                0x00000274                __vector_22
                0x00000274                __vector_28
                0x00000274                __vector_1
                0x00000274                __vector_32
                0x00000274                __vector_34
                0x00000274                __vector_24
                0x00000274                __vector_12
                0x00000274                __bad_interrupt
                0x00000274                __vector_6
                0x00000274                __vector_31
                0x00000274                __vector_35
                0x00000274                __vector_39
                0x00000274                __vector_3
                0x00000274                __vector_23
                0x00000274                __vector_30
                0x00000274                __vector_25
                0x00000274                __vector_13
                0x00000274                __vector_17
                0x00000274                __vector_19
                0x00000274                __vector_7
                0x00000274                __vector_41
                0x00000274                __vector_27
                0x00000274                __vector_5
                0x00000274                __vector_33
                0x00000274                __vector_37
                0x00000274                __vector_4
                0x00000274                __vector_9
                0x00000274                __vector_2
                0x00000274                __vector_21
                0x00000274                __vector_15
                0x00000274                __vector_36
                0x00000274                __vector_29
                0x00000274                __vector_40
                0x00000274                __vector_8
                0x00000274                __vector_26
                0x00000274                __vector_14
                0x00000274                __vector_16
                0x00000274                __vector_18
                0x00000274                __vector_20
                0x00000274                __vector_42
                0x00000276                . = ALIGN (0x2)
 *(.text.*)
 .text.ADC_Init
                0x00000276       0x18 ADC.o
                0x00000276                ADC_Init
 .text.CALLBACK_USB_GetDescriptor
                0x0000028e       0x64 Descriptors.o
                0x0000028e                CALLBACK_USB_GetDescriptor
 .text.LCD_CommonFunc
                0x000002f2       0x74 lcd_lib_2.o
 .text.LCD_WriteComInit
                0x00000366       0x44 lcd_lib_2.o
                0x00000366                LCD_WriteComInit
 .text.LCD_WriteCom
                0x000003aa        0xc lcd_lib_2.o
                0x000003aa                LCD_WriteCom
 .text.LCD_WriteData
                0x000003b6        0xc lcd_lib_2.o
                0x000003b6                LCD_WriteData
 .text.LCD_Init
                0x000003c2       0x62 lcd_lib_2.o
                0x000003c2                LCD_Init
 .text.LCD_SendStr
                0x00000424       0x38 lcd_lib_2.o
                0x00000424                LCD_SendStr
 .text.middle_of_3
                0x0000045c       0x30 pressure.o
                0x0000045c                middle_of_3
 .text.pressure_midle
                0x0000048c       0xa6 pressure.o
                0x0000048c                pressure_midle
 .text.pressure_Init
                0x00000532       0x26 pressure.o
                0x00000532                pressure_Init
 .text.cur_pressure_SMA
                0x00000558       0xe4 pressure.o
                0x00000558                cur_pressure_SMA
 .text.CDC_Device_ConfigureEndpoints
                0x0000063c       0x4a src/LUFA/LUFA/Drivers/USB/Class/Device/CDCClassDevice.o
                0x0000063c                CDC_Device_ConfigureEndpoints
 .text.CDC_Device_SendString
                0x00000686       0x40 src/LUFA/LUFA/Drivers/USB/Class/Device/CDCClassDevice.o
                0x00000686                CDC_Device_SendString
 .text.CDC_Device_SendByte
                0x000006c6       0x56 src/LUFA/LUFA/Drivers/USB/Class/Device/CDCClassDevice.o
                0x000006c6                CDC_Device_SendByte
 .text.CDC_Device_putchar
                0x0000071c       0x20 src/LUFA/LUFA/Drivers/USB/Class/Device/CDCClassDevice.o
 .text.CDC_Device_Flush
                0x0000073c       0x5c src/LUFA/LUFA/Drivers/USB/Class/Device/CDCClassDevice.o
                0x0000073c                CDC_Device_Flush
 .text.CDC_Device_USBTask
                0x00000798       0x2c src/LUFA/LUFA/Drivers/USB/Class/Device/CDCClassDevice.o
                0x00000798                CDC_Device_USBTask
 .text.CDC_Device_ReceiveByte
                0x000007c4       0x6a src/LUFA/LUFA/Drivers/USB/Class/Device/CDCClassDevice.o
                0x000007c4                CDC_Device_ReceiveByte
 .text.CDC_Device_getchar
                0x0000082e       0x12 src/LUFA/LUFA/Drivers/USB/Class/Device/CDCClassDevice.o
 .text.CDC_Device_CreateStream
                0x00000840       0x26 src/LUFA/LUFA/Drivers/USB/Class/Device/CDCClassDevice.o
                0x00000840                CDC_Device_CreateStream
 .text.CDC_Device_Event_Stub
                0x00000866        0x2 src/LUFA/LUFA/Drivers/USB/Class/Device/CDCClassDevice.o
                0x00000866                EVENT_CDC_Device_ControLineStateChanged
                0x00000866                EVENT_CDC_Device_BreakSent
                0x00000866                CDC_Device_Event_Stub
                0x00000866                EVENT_CDC_Device_LineEncodingChanged
 .text.CDC_Device_ProcessControlRequest
                0x00000868      0x160 src/LUFA/LUFA/Drivers/USB/Class/Device/CDCClassDevice.o
                0x00000868                CDC_Device_ProcessControlRequest
 .text.Endpoint_Write_Stream_LE
                0x000009c8       0x92 src/LUFA/LUFA/Drivers/USB/Core/AVR8/EndpointStream_AVR8.o
                0x000009c8                Endpoint_Write_Stream_LE
 .text.Endpoint_Write_Control_Stream_LE
                0x00000a5a       0xc6 src/LUFA/LUFA/Drivers/USB/Core/AVR8/EndpointStream_AVR8.o
                0x00000a5a                Endpoint_Write_Control_Stream_LE
 .text.Endpoint_Write_Control_PStream_LE
                0x00000b20       0xc2 src/LUFA/LUFA/Drivers/USB/Core/AVR8/EndpointStream_AVR8.o
                0x00000b20                Endpoint_Write_Control_PStream_LE
 .text.Endpoint_ConfigureEndpoint_Prv
                0x00000be2       0x6a src/LUFA/LUFA/Drivers/USB/Core/AVR8/Endpoint_AVR8.o
                0x00000be2                Endpoint_ConfigureEndpoint_Prv
 .text.Endpoint_ConfigureEndpointTable
                0x00000c4c       0x90 src/LUFA/LUFA/Drivers/USB/Core/AVR8/Endpoint_AVR8.o
                0x00000c4c                Endpoint_ConfigureEndpointTable
 .text.Endpoint_ClearStatusStage
                0x00000cdc       0x3e src/LUFA/LUFA/Drivers/USB/Core/AVR8/Endpoint_AVR8.o
                0x00000cdc                Endpoint_ClearStatusStage
 .text.Endpoint_WaitUntilReady
                0x00000d1a       0x64 src/LUFA/LUFA/Drivers/USB/Core/AVR8/Endpoint_AVR8.o
                0x00000d1a                Endpoint_WaitUntilReady
 .text.USB_ResetInterface
                0x00000d7e       0x80 src/LUFA/LUFA/Drivers/USB/Core/AVR8/USBController_AVR8.o
                0x00000d7e                USB_ResetInterface
 .text.USB_Init
                0x00000dfe       0x20 src/LUFA/LUFA/Drivers/USB/Core/AVR8/USBController_AVR8.o
                0x00000dfe                USB_Init
 .text.USB_INT_DisableAllInterrupts
                0x00000e1e       0x10 src/LUFA/LUFA/Drivers/USB/Core/AVR8/USBInterrupt_AVR8.o
                0x00000e1e                USB_INT_DisableAllInterrupts
 .text.USB_INT_ClearAllInterrupts
                0x00000e2e        0xa src/LUFA/LUFA/Drivers/USB/Core/AVR8/USBInterrupt_AVR8.o
                0x00000e2e                USB_INT_ClearAllInterrupts
 .text.__vector_10
                0x00000e38      0x19a src/LUFA/LUFA/Drivers/USB/Core/AVR8/USBInterrupt_AVR8.o
                0x00000e38                __vector_10
 .text.__vector_11
                0x00000fd2       0x86 src/LUFA/LUFA/Drivers/USB/Core/AVR8/USBInterrupt_AVR8.o
                0x00000fd2                __vector_11
 .text.USB_Device_ProcessControlRequest
                0x00001058      0x2a4 src/LUFA/LUFA/Drivers/USB/Core/DeviceStandardReq.o
                0x00001058                USB_Device_ProcessControlRequest
 .text.USB_Event_Stub
                0x000012fc        0x2 src/LUFA/LUFA/Drivers/USB/Core/Events.o
                0x000012fc                USB_Event_Stub
                0x000012fc                EVENT_USB_Device_Suspend
                0x000012fc                EVENT_USB_Device_StartOfFrame
                0x000012fc                EVENT_USB_Device_Reset
                0x000012fc                EVENT_USB_Device_WakeUp
 .text.USB_USBTask
                0x000012fe       0x34 src/LUFA/LUFA/Drivers/USB/Core/USBTask.o
                0x000012fe                USB_USBTask
 .text.set_const
                0x00001332      0x52a VirtualSerial.o
                0x00001332                set_const
 .text.settingsHandle
                0x0000185c        0x8 VirtualSerial.o
                0x0000185c                settingsHandle
 .text.Send_Data_USB
                0x00001864      0x130 VirtualSerial.o
                0x00001864                Send_Data_USB
 .text.testHandle
                0x00001994      0x200 VirtualSerial.o
                0x00001994                testHandle
 .text.regulation
                0x00001b94       0xa8 VirtualSerial.o
                0x00001b94                regulation
 .text.normalHandle
                0x00001c3c      0x15c VirtualSerial.o
                0x00001c3c                normalHandle
 .text.loop     0x00001d98       0x16 VirtualSerial.o
                0x00001d98                loop
 .text.SetupHardware
                0x00001dae       0x4a VirtualSerial.o
                0x00001dae                SetupHardware
 .text.startup.main
                0x00001df8      0x1be VirtualSerial.o
                0x00001df8                main
 .text.EVENT_USB_Device_Connect
                0x00001fb6       0x40 VirtualSerial.o
                0x00001fb6                EVENT_USB_Device_Connect
 .text.EVENT_USB_Device_Disconnect
                0x00001ff6       0x40 VirtualSerial.o
                0x00001ff6                EVENT_USB_Device_Disconnect
 .text.EVENT_USB_Device_ConfigurationChanged
                0x00002036        0x8 VirtualSerial.o
                0x00002036                EVENT_USB_Device_ConfigurationChanged
 .text.EVENT_USB_Device_ControlRequest
                0x0000203e        0x8 VirtualSerial.o
                0x0000203e                EVENT_USB_Device_ControlRequest
 .text.avr-libc.fplib
                0x00002046        0xa c:/program files (x86)/atmel/studio/7.0/toolchain/avr8/avr8-gnu-toolchain/bin/../lib/gcc/avr/4.9.2/../../../../avr/lib/avr5\libm.a(addsf3.o)
                0x00002046                __subsf3
                0x00002048                __addsf3
 .text.avr-libc.fplib
                0x00002050       0xc0 c:/program files (x86)/atmel/studio/7.0/toolchain/avr8/avr8-gnu-toolchain/bin/../lib/gcc/avr/4.9.2/../../../../avr/lib/avr5\libm.a(addsf3x.o)
                0x0000206a                __addsf3x
 .text.avr-libc.fplib
                0x00002110       0x7a c:/program files (x86)/atmel/studio/7.0/toolchain/avr8/avr8-gnu-toolchain/bin/../lib/gcc/avr/4.9.2/../../../../avr/lib/avr5\libm.a(floatsisf.o)
                0x00002110                __floatunsisf
                0x00002114                __floatsisf
 .text.avr-libc.fplib
                0x0000218a        0xc c:/program files (x86)/atmel/studio/7.0/toolchain/avr8/avr8-gnu-toolchain/bin/../lib/gcc/avr/4.9.2/../../../../avr/lib/avr5\libm.a(fp_inf.o)
                0x0000218a                __fp_inf
 .text.avr-libc.fplib
                0x00002196        0x6 c:/program files (x86)/atmel/studio/7.0/toolchain/avr8/avr8-gnu-toolchain/bin/../lib/gcc/avr/4.9.2/../../../../avr/lib/avr5\libm.a(fp_nan.o)
                0x00002196                __fp_nan
 .text.avr-libc.fplib
                0x0000219c        0xe c:/program files (x86)/atmel/studio/7.0/toolchain/avr8/avr8-gnu-toolchain/bin/../lib/gcc/avr/4.9.2/../../../../avr/lib/avr5\libm.a(fp_pscA.o)
                0x0000219c                __fp_pscA
 .text.avr-libc.fplib
                0x000021aa        0xe c:/program files (x86)/atmel/studio/7.0/toolchain/avr8/avr8-gnu-toolchain/bin/../lib/gcc/avr/4.9.2/../../../../avr/lib/avr5\libm.a(fp_pscB.o)
                0x000021aa                __fp_pscB
 .text.avr-libc.fplib
                0x000021b8       0x22 c:/program files (x86)/atmel/studio/7.0/toolchain/avr8/avr8-gnu-toolchain/bin/../lib/gcc/avr/4.9.2/../../../../avr/lib/avr5\libm.a(fp_round.o)
                0x000021b8                __fp_round
 .text.avr-libc.fplib
                0x000021da       0x44 c:/program files (x86)/atmel/studio/7.0/toolchain/avr8/avr8-gnu-toolchain/bin/../lib/gcc/avr/4.9.2/../../../../avr/lib/avr5\libm.a(fp_split3.o)
                0x000021da                __fp_split3
                0x000021ea                __fp_splitA
 .text.avr-libc.fplib
                0x0000221e        0xe c:/program files (x86)/atmel/studio/7.0/toolchain/avr8/avr8-gnu-toolchain/bin/../lib/gcc/avr/4.9.2/../../../../avr/lib/avr5\libm.a(fp_zero.o)
                0x0000221e                __fp_zero
                0x00002220                __fp_szero
 .text.avr-libc.fplib
                0x0000222c        0x4 c:/program files (x86)/atmel/studio/7.0/toolchain/avr8/avr8-gnu-toolchain/bin/../lib/gcc/avr/4.9.2/../../../../avr/lib/avr5\libm.a(mulsf3.o)
                0x0000222c                __mulsf3
 .text.avr-libc.fplib
                0x00002230       0xc2 c:/program files (x86)/atmel/studio/7.0/toolchain/avr8/avr8-gnu-toolchain/bin/../lib/gcc/avr/4.9.2/../../../../avr/lib/avr5\libm.a(mulsf3x.o)
                0x00002244                __mulsf3x
                0x00002248                __mulsf3_pse
 .text.avr-libc
                0x000022f2      0x6ba c:/program files (x86)/atmel/studio/7.0/toolchain/avr8/avr8-gnu-toolchain/bin/../lib/gcc/avr/4.9.2/../../../../avr/lib/avr5\libprintf_flt.a(vfprintf_flt.o)
                0x000022f2                vfprintf
 .text.libgcc.div
                0x000029ac       0x44 c:/program files (x86)/atmel/studio/7.0/toolchain/avr8/avr8-gnu-toolchain/bin/../lib/gcc/avr/4.9.2/avr5\libgcc.a(_udivmodsi4.o)
                0x000029ac                __udivmodsi4
 .text.libgcc.mul
                0x000029f0       0x14 c:/program files (x86)/atmel/studio/7.0/toolchain/avr8/avr8-gnu-toolchain/bin/../lib/gcc/avr/4.9.2/avr5\libgcc.a(_muluhisi3.o)
                0x000029f0                __muluhisi3
 .text.libgcc.prologue
                0x00002a04       0x38 c:/program files (x86)/atmel/studio/7.0/toolchain/avr8/avr8-gnu-toolchain/bin/../lib/gcc/avr/4.9.2/avr5\libgcc.a(_prologue.o)
                0x00002a04                __prologue_saves__
 .text.libgcc.prologue
                0x00002a3c       0x36 c:/program files (x86)/atmel/studio/7.0/toolchain/avr8/avr8-gnu-toolchain/bin/../lib/gcc/avr/4.9.2/avr5\libgcc.a(_epilogue.o)
                0x00002a3c                __epilogue_restores__
 .text.libgcc.mul
                0x00002a72       0x1e c:/program files (x86)/atmel/studio/7.0/toolchain/avr8/avr8-gnu-toolchain/bin/../lib/gcc/avr/4.9.2/avr5\libgcc.a(_umulhisi3.o)
                0x00002a72                __umulhisi3
 .text.avr-libc
                0x00002a90      0x1b0 c:/program files (x86)/atmel/studio/7.0/toolchain/avr8/avr8-gnu-toolchain/bin/../lib/gcc/avr/4.9.2/../../../../avr/lib/avr5\libc.a(ftoa_engine.o)
                0x00002a90                __ftoa_engine
 .text.avr-libc
                0x00002c40       0x16 c:/program files (x86)/atmel/studio/7.0/toolchain/avr8/avr8-gnu-toolchain/bin/../lib/gcc/avr/4.9.2/../../../../avr/lib/avr5\libc.a(strnlen_P.o)
                0x00002c40                strnlen_P
 .text.avr-libc
                0x00002c56       0x16 c:/program files (x86)/atmel/studio/7.0/toolchain/avr8/avr8-gnu-toolchain/bin/../lib/gcc/avr/4.9.2/../../../../avr/lib/avr5\libc.a(strnlen.o)
                0x00002c56                strnlen
 .text.avr-libc
                0x00002c6c       0x70 c:/program files (x86)/atmel/studio/7.0/toolchain/avr8/avr8-gnu-toolchain/bin/../lib/gcc/avr/4.9.2/../../../../avr/lib/avr5\libc.a(fputc.o)
                0x00002c6c                fputc
 .text.avr-libc
                0x00002cdc       0x40 c:/program files (x86)/atmel/studio/7.0/toolchain/avr8/avr8-gnu-toolchain/bin/../lib/gcc/avr/4.9.2/../../../../avr/lib/avr5\libc.a(sprintf.o)
                0x00002cdc                sprintf
 .text.avr-libc
                0x00002d1c       0xbc c:/program files (x86)/atmel/studio/7.0/toolchain/avr8/avr8-gnu-toolchain/bin/../lib/gcc/avr/4.9.2/../../../../avr/lib/avr5\libc.a(ultoa_invert.o)
                0x00002d1c                __ultoa_invert
 .text.avr-libc
                0x00002dd8       0x10 C:/Program Files (x86)/Atmel/Studio/7.0/Packs/atmel/ATmega_DFP/1.0.98/gcc/dev/atmega32u4/avr5\libatmega32u4.a(eerd_byte.o)
                0x00002dd8                eeprom_read_byte
 .text.avr-libc
                0x00002de8        0xa C:/Program Files (x86)/Atmel/Studio/7.0/Packs/atmel/ATmega_DFP/1.0.98/gcc/dev/atmega32u4/avr5\libatmega32u4.a(eerd_word.o)
                0x00002de8                eeprom_read_word
 .text.avr-libc
                0x00002df2       0x24 C:/Program Files (x86)/Atmel/Studio/7.0/Packs/atmel/ATmega_DFP/1.0.98/gcc/dev/atmega32u4/avr5\libatmega32u4.a(eeupd_byte.o)
                0x00002df2                eeprom_update_byte
                0x00002df4                eeprom_update_r18
 .text.avr-libc
                0x00002e16        0x8 C:/Program Files (x86)/Atmel/Studio/7.0/Packs/atmel/ATmega_DFP/1.0.98/gcc/dev/atmega32u4/avr5\libatmega32u4.a(eeupd_word.o)
                0x00002e16                eeprom_update_word
 .text.avr-libc
                0x00002e1e       0x1c C:/Program Files (x86)/Atmel/Studio/7.0/Packs/atmel/ATmega_DFP/1.0.98/gcc/dev/atmega32u4/avr5\libatmega32u4.a(eewr_byte.o)
                0x00002e1e                eeprom_write_byte
                0x00002e20                eeprom_write_r18
 .text.avr-libc
                0x00002e3a       0x20 C:/Program Files (x86)/Atmel/Studio/7.0/Packs/atmel/ATmega_DFP/1.0.98/gcc/dev/atmega32u4/avr5\libatmega32u4.a(eerd_block.o)
                0x00002e3a                eeprom_read_block
                0x00002e3e                eeprom_read_blraw
                0x00002e5a                . = ALIGN (0x2)
 *(.fini9)
 .fini9         0x00002e5a        0x0 c:/program files (x86)/atmel/studio/7.0/toolchain/avr8/avr8-gnu-toolchain/bin/../lib/gcc/avr/4.9.2/avr5\libgcc.a(_exit.o)
                0x00002e5a                _exit
                0x00002e5a                exit
 *(.fini9)
 *(.fini8)
 *(.fini8)
 *(.fini7)
 *(.fini7)
 *(.fini6)
 *(.fini6)
 *(.fini5)
 *(.fini5)
 *(.fini4)
 *(.fini4)
 *(.fini3)
 *(.fini3)
 *(.fini2)
 *(.fini2)
 *(.fini1)
 *(.fini1)
 *(.fini0)
 .fini0         0x00002e5a        0x4 c:/program files (x86)/atmel/studio/7.0/toolchain/avr8/avr8-gnu-toolchain/bin/../lib/gcc/avr/4.9.2/avr5\libgcc.a(_exit.o)
 *(.fini0)
                0x00002e5e                _etext = .

.data           0x00800100       0xee load address 0x00002e5e
                0x00800100                PROVIDE (__data_start, .)
 *(.data)
 *(.data*)
 .data.oldmode  0x00800100        0x1 VirtualSerial.o
                0x00800100                oldmode
 .data.testHandle_FirstStart
                0x00800101        0x1 VirtualSerial.o
                0x00800101                testHandle_FirstStart
 .data.relay_Off_first
                0x00800102        0x1 VirtualSerial.o
                0x00800102                relay_Off_first
 .data.relay_On_first
                0x00800103        0x1 VirtualSerial.o
                0x00800103                relay_On_first
 .data.pressure_mid
                0x00800104        0x2 VirtualSerial.o
                0x00800104                pressure_mid
 .data.VirtualSerial_CDC_Interface
                0x00800106       0x1b VirtualSerial.o
                0x00800106                VirtualSerial_CDC_Interface
 *(.rodata)
 .rodata        0x00800121        0x8 VirtualSerial.o
 *(.rodata*)
 .rodata.str1.1
                0x00800129       0xc4 VirtualSerial.o
 *(.gnu.linkonce.d*)
                0x008001ee                . = ALIGN (0x2)
 *fill*         0x008001ed        0x1 
                0x008001ee                _edata = .
                0x008001ee                PROVIDE (__data_end, .)

.bss            0x008001ee       0x4a
                0x008001ee                PROVIDE (__bss_start, .)
 *(.bss)
 *(.bss*)
 .bss.pressure_temp
                0x008001ee        0x4 pressure.o
 .bss.pressure_mass
                0x008001f2       0x20 pressure.o
 .bss.oldShow   0x00800212        0x1 VirtualSerial.o
                0x00800212                oldShow
 .bss.Show      0x00800213        0x1 VirtualSerial.o
                0x00800213                Show
 .bss.mode      0x00800214        0x1 VirtualSerial.o
                0x00800214                mode
 .bss.time_of_regulator
                0x00800215        0x2 VirtualSerial.o
                0x00800215                time_of_regulator
 .bss.pressure_min
                0x00800217        0x2 VirtualSerial.o
                0x00800217                pressure_min
 .bss.pressure_max
                0x00800219        0x2 VirtualSerial.o
                0x00800219                pressure_max
 .bss.first_run_local
                0x0080021b        0x1 VirtualSerial.o
                0x0080021b                first_run_local
 .bss.first_run
                0x0080021c        0x1 VirtualSerial.o
                0x0080021c                first_run
 .bss.USBSerialStream
                0x0080021d        0xe VirtualSerial.o
 *(COMMON)
 COMMON         0x0080022b        0x3 src/LUFA/LUFA/Drivers/USB/Core/DeviceStandardReq.o
                0x0080022b                USB_Device_ConfigurationNumber
                0x0080022c                USB_Device_CurrentlySelfPowered
                0x0080022d                USB_Device_RemoteWakeupEnabled
 COMMON         0x0080022e        0xa src/LUFA/LUFA/Drivers/USB/Core/USBTask.o
                0x0080022e                USB_IsInitialized
                0x0080022f                USB_DeviceState
                0x00800230                USB_ControlRequest
                0x00800238                PROVIDE (__bss_end, .)
                0x00002e5e                __data_load_start = LOADADDR (.data)
                0x00002f4c                __data_load_end = (__data_load_start + SIZEOF (.data))

.noinit         0x00800238        0x0
                0x00800238                PROVIDE (__noinit_start, .)
 *(.noinit*)
                0x00800238                PROVIDE (__noinit_end, .)
                0x00800238                _end = .
                0x00800238                PROVIDE (__heap_start, .)

.eeprom         0x00810000        0x7
 *(.eeprom*)
 .eeprom        0x00810000        0x7 VirtualSerial.o
                0x00810000                time_of_regulator_eep
                0x00810002                pressure_max_eep
                0x00810004                pressure_min_eep
                0x00810006                first_run_eep
                0x00810007                __eeprom_end = .

.fuse
 *(.fuse)
 *(.lfuse)
 *(.hfuse)
 *(.efuse)

.lock
 *(.lock*)

.signature
 *(.signature*)

.user_signatures
 *(.user_signatures*)

.stab
 *(.stab)

.stabstr
 *(.stabstr)

.stab.excl
 *(.stab.excl)

.stab.exclstr
 *(.stab.exclstr)

.stab.index
 *(.stab.index)

.stab.indexstr
 *(.stab.indexstr)

.comment        0x00000000       0x5c
 *(.comment)
 .comment       0x00000000       0x30 ADC.o
                                 0x31 (size before relaxing)
 .comment       0x00000030       0x31 Descriptors.o
 .comment       0x00000030       0x31 lcd_lib_2.o
 .comment       0x00000030       0x31 pressure.o
 .comment       0x00000030       0x31 src/LUFA/LUFA/Drivers/USB/Class/Device/CDCClassDevice.o
 .comment       0x00000030       0x31 src/LUFA/LUFA/Drivers/USB/Core/AVR8/EndpointStream_AVR8.o
 .comment       0x00000030       0x31 src/LUFA/LUFA/Drivers/USB/Core/AVR8/Endpoint_AVR8.o
 .comment       0x00000030       0x31 src/LUFA/LUFA/Drivers/USB/Core/AVR8/USBController_AVR8.o
 .comment       0x00000030       0x31 src/LUFA/LUFA/Drivers/USB/Core/AVR8/USBInterrupt_AVR8.o
 .comment       0x00000030       0x31 src/LUFA/LUFA/Drivers/USB/Core/DeviceStandardReq.o
 .comment       0x00000030       0x31 src/LUFA/LUFA/Drivers/USB/Core/Events.o
 .comment       0x00000030       0x31 src/LUFA/LUFA/Drivers/USB/Core/USBTask.o
 .comment       0x00000030       0x31 VirtualSerial.o
 .comment       0x00000030       0x2c c:/program files (x86)/atmel/studio/7.0/toolchain/avr8/avr8-gnu-toolchain/bin/../lib/gcc/avr/4.9.2/../../../../avr/lib/avr5\libprintf_flt.a(vfprintf_flt.o)
                                 0x2d (size before relaxing)
 .comment       0x0000005c       0x31 c:/program files (x86)/atmel/studio/7.0/toolchain/avr8/avr8-gnu-toolchain/bin/../lib/gcc/avr/4.9.2/../../../../avr/lib/avr5\libc.a(fputc.o)
 .comment       0x0000005c       0x31 c:/program files (x86)/atmel/studio/7.0/toolchain/avr8/avr8-gnu-toolchain/bin/../lib/gcc/avr/4.9.2/../../../../avr/lib/avr5\libc.a(sprintf.o)

.note.gnu.avr.deviceinfo
                0x00000000       0x40
 .note.gnu.avr.deviceinfo
                0x00000000       0x40 C:/Program Files (x86)/Atmel/Studio/7.0/Packs/atmel/ATmega_DFP/1.0.98/gcc/dev/atmega32u4/avr5/crtatmega32u4.o

.note.gnu.build-id
 *(.note.gnu.build-id)

.debug
 *(.debug)

.line
 *(.line)

.debug_srcinfo
 *(.debug_srcinfo)

.debug_sfnames
 *(.debug_sfnames)

.debug_aranges  0x00000000      0x3b8
 *(.debug_aranges)
 .debug_aranges
                0x00000000       0x20 ADC.o
 .debug_aranges
                0x00000020       0x20 Descriptors.o
 .debug_aranges
                0x00000040       0x58 lcd_lib_2.o
 .debug_aranges
                0x00000098       0x38 pressure.o
 .debug_aranges
                0x000000d0       0x98 src/LUFA/LUFA/Drivers/USB/Class/Device/CDCClassDevice.o
 .debug_aranges
                0x00000168       0xc8 src/LUFA/LUFA/Drivers/USB/Core/AVR8/EndpointStream_AVR8.o
 .debug_aranges
                0x00000230       0x40 src/LUFA/LUFA/Drivers/USB/Core/AVR8/Endpoint_AVR8.o
 .debug_aranges
                0x00000270       0x30 src/LUFA/LUFA/Drivers/USB/Core/AVR8/USBController_AVR8.o
 .debug_aranges
                0x000002a0       0x38 src/LUFA/LUFA/Drivers/USB/Core/AVR8/USBInterrupt_AVR8.o
 .debug_aranges
                0x000002d8       0x20 src/LUFA/LUFA/Drivers/USB/Core/DeviceStandardReq.o
 .debug_aranges
                0x000002f8       0x20 src/LUFA/LUFA/Drivers/USB/Core/Events.o
 .debug_aranges
                0x00000318       0x20 src/LUFA/LUFA/Drivers/USB/Core/USBTask.o
 .debug_aranges
                0x00000338       0x80 VirtualSerial.o

.debug_pubnames
 *(.debug_pubnames)

.debug_info     0x00000000     0x74c7
 *(.debug_info .gnu.linkonce.wi.*)
 .debug_info    0x00000000       0xae ADC.o
 .debug_info    0x000000ae      0x78a Descriptors.o
 .debug_info    0x00000838      0x67c lcd_lib_2.o
 .debug_info    0x00000eb4      0x2a5 pressure.o
 .debug_info    0x00001159      0xf2a src/LUFA/LUFA/Drivers/USB/Class/Device/CDCClassDevice.o
 .debug_info    0x00002083     0x17da src/LUFA/LUFA/Drivers/USB/Core/AVR8/EndpointStream_AVR8.o
 .debug_info    0x0000385d      0x618 src/LUFA/LUFA/Drivers/USB/Core/AVR8/Endpoint_AVR8.o
 .debug_info    0x00003e75      0x4cf src/LUFA/LUFA/Drivers/USB/Core/AVR8/USBController_AVR8.o
 .debug_info    0x00004344      0x7cc src/LUFA/LUFA/Drivers/USB/Core/AVR8/USBInterrupt_AVR8.o
 .debug_info    0x00004b10      0xa5b src/LUFA/LUFA/Drivers/USB/Core/DeviceStandardReq.o
 .debug_info    0x0000556b       0x7c src/LUFA/LUFA/Drivers/USB/Core/Events.o
 .debug_info    0x000055e7      0x26f src/LUFA/LUFA/Drivers/USB/Core/USBTask.o
 .debug_info    0x00005856     0x1c71 VirtualSerial.o

.debug_abbrev   0x00000000     0x1a70
 *(.debug_abbrev)
 .debug_abbrev  0x00000000       0x6c ADC.o
 .debug_abbrev  0x0000006c      0x151 Descriptors.o
 .debug_abbrev  0x000001bd      0x1d9 lcd_lib_2.o
 .debug_abbrev  0x00000396      0x164 pressure.o
 .debug_abbrev  0x000004fa      0x485 src/LUFA/LUFA/Drivers/USB/Class/Device/CDCClassDevice.o
 .debug_abbrev  0x0000097f      0x207 src/LUFA/LUFA/Drivers/USB/Core/AVR8/EndpointStream_AVR8.o
 .debug_abbrev  0x00000b86      0x216 src/LUFA/LUFA/Drivers/USB/Core/AVR8/Endpoint_AVR8.o
 .debug_abbrev  0x00000d9c      0x199 src/LUFA/LUFA/Drivers/USB/Core/AVR8/USBController_AVR8.o
 .debug_abbrev  0x00000f35      0x241 src/LUFA/LUFA/Drivers/USB/Core/AVR8/USBInterrupt_AVR8.o
 .debug_abbrev  0x00001176      0x2cc src/LUFA/LUFA/Drivers/USB/Core/DeviceStandardReq.o
 .debug_abbrev  0x00001442       0x47 src/LUFA/LUFA/Drivers/USB/Core/Events.o
 .debug_abbrev  0x00001489      0x16b src/LUFA/LUFA/Drivers/USB/Core/USBTask.o
 .debug_abbrev  0x000015f4      0x47c VirtualSerial.o

.debug_line     0x00000000     0xb488
 *(.debug_line .debug_line.* .debug_line_end)
 .debug_line    0x00000000      0xd82 ADC.o
 .debug_line    0x00000d82      0xca7 Descriptors.o
 .debug_line    0x00001a29     0x10c5 lcd_lib_2.o
 .debug_line    0x00002aee      0xea5 pressure.o
 .debug_line    0x00003993     0x13a2 src/LUFA/LUFA/Drivers/USB/Class/Device/CDCClassDevice.o
 .debug_line    0x00004d35     0x1a7f src/LUFA/LUFA/Drivers/USB/Core/AVR8/EndpointStream_AVR8.o
 .debug_line    0x000067b4      0xbd8 src/LUFA/LUFA/Drivers/USB/Core/AVR8/Endpoint_AVR8.o
 .debug_line    0x0000738c      0x8d1 src/LUFA/LUFA/Drivers/USB/Core/AVR8/USBController_AVR8.o
 .debug_line    0x00007c5d      0xb7d src/LUFA/LUFA/Drivers/USB/Core/AVR8/USBInterrupt_AVR8.o
 .debug_line    0x000087da      0xa58 src/LUFA/LUFA/Drivers/USB/Core/DeviceStandardReq.o
 .debug_line    0x00009232      0x479 src/LUFA/LUFA/Drivers/USB/Core/Events.o
 .debug_line    0x000096ab      0x7f9 src/LUFA/LUFA/Drivers/USB/Core/USBTask.o
 .debug_line    0x00009ea4     0x15e4 VirtualSerial.o

.debug_frame    0x00000000      0xaf4
 *(.debug_frame)
 .debug_frame   0x00000000       0x24 ADC.o
 .debug_frame   0x00000024       0x24 Descriptors.o
 .debug_frame   0x00000048       0xd0 lcd_lib_2.o
 .debug_frame   0x00000118       0xb8 pressure.o
 .debug_frame   0x000001d0      0x164 src/LUFA/LUFA/Drivers/USB/Class/Device/CDCClassDevice.o
 .debug_frame   0x00000334      0x3bc src/LUFA/LUFA/Drivers/USB/Core/AVR8/EndpointStream_AVR8.o
 .debug_frame   0x000006f0       0x84 src/LUFA/LUFA/Drivers/USB/Core/AVR8/Endpoint_AVR8.o
 .debug_frame   0x00000774       0x58 src/LUFA/LUFA/Drivers/USB/Core/AVR8/USBController_AVR8.o
 .debug_frame   0x000007cc       0xec src/LUFA/LUFA/Drivers/USB/Core/AVR8/USBInterrupt_AVR8.o
 .debug_frame   0x000008b8       0x3c src/LUFA/LUFA/Drivers/USB/Core/DeviceStandardReq.o
 .debug_frame   0x000008f4       0x24 src/LUFA/LUFA/Drivers/USB/Core/Events.o
 .debug_frame   0x00000918       0x2c src/LUFA/LUFA/Drivers/USB/Core/USBTask.o
 .debug_frame   0x00000944      0x1b0 VirtualSerial.o

.debug_str      0x00000000    0x1a7f8
 *(.debug_str)
 .debug_str     0x00000000    0x15a4f ADC.o
                              0x15cbe (size before relaxing)
 .debug_str     0x00015a4f      0x966 Descriptors.o
                              0x15389 (size before relaxing)
 .debug_str     0x000163b5     0x2454 lcd_lib_2.o
                              0x1811e (size before relaxing)
 .debug_str     0x00018809       0xa5 pressure.o
                              0x15d61 (size before relaxing)
 .debug_str     0x000188ae      0x81b src/LUFA/LUFA/Drivers/USB/Class/Device/CDCClassDevice.o
                              0x151d9 (size before relaxing)
 .debug_str     0x000190c9      0x8ac src/LUFA/LUFA/Drivers/USB/Core/AVR8/EndpointStream_AVR8.o
                               0xf58c (size before relaxing)
 .debug_str     0x00019975      0x1c6 src/LUFA/LUFA/Drivers/USB/Core/AVR8/Endpoint_AVR8.o
                               0xec3b (size before relaxing)
 .debug_str     0x00019b3b      0x2ad src/LUFA/LUFA/Drivers/USB/Core/AVR8/USBController_AVR8.o
                               0xeb9b (size before relaxing)
 .debug_str     0x00019de8      0x1e1 src/LUFA/LUFA/Drivers/USB/Core/AVR8/USBInterrupt_AVR8.o
                               0xebf9 (size before relaxing)
 .debug_str     0x00019fc9      0x475 src/LUFA/LUFA/Drivers/USB/Core/DeviceStandardReq.o
                               0xf00c (size before relaxing)
 .debug_str     0x0001a43e       0x53 src/LUFA/LUFA/Drivers/USB/Core/Events.o
                               0xdddd (size before relaxing)
 .debug_str     0x0001a491       0x62 src/LUFA/LUFA/Drivers/USB/Core/USBTask.o
                               0xe9ba (size before relaxing)
 .debug_str     0x0001a4f3      0x305 VirtualSerial.o
                              0x16330 (size before relaxing)

.debug_loc      0x00000000     0x4952
 *(.debug_loc)
 .debug_loc     0x00000000      0x186 Descriptors.o
 .debug_loc     0x00000186      0x397 lcd_lib_2.o
 .debug_loc     0x0000051d      0x2db pressure.o
 .debug_loc     0x000007f8      0x953 src/LUFA/LUFA/Drivers/USB/Class/Device/CDCClassDevice.o
 .debug_loc     0x0000114b     0x1ea0 src/LUFA/LUFA/Drivers/USB/Core/AVR8/EndpointStream_AVR8.o
 .debug_loc     0x00002feb      0x3df src/LUFA/LUFA/Drivers/USB/Core/AVR8/Endpoint_AVR8.o
 .debug_loc     0x000033ca       0x49 src/LUFA/LUFA/Drivers/USB/Core/AVR8/USBController_AVR8.o
 .debug_loc     0x00003413      0x363 src/LUFA/LUFA/Drivers/USB/Core/AVR8/USBInterrupt_AVR8.o
 .debug_loc     0x00003776      0x2e7 src/LUFA/LUFA/Drivers/USB/Core/DeviceStandardReq.o
 .debug_loc     0x00003a5d       0x49 src/LUFA/LUFA/Drivers/USB/Core/USBTask.o
 .debug_loc     0x00003aa6      0xeac VirtualSerial.o

.debug_macinfo
 *(.debug_macinfo)

.debug_weaknames
 *(.debug_weaknames)

.debug_funcnames
 *(.debug_funcnames)

.debug_typenames
 *(.debug_typenames)

.debug_varnames
 *(.debug_varnames)

.debug_pubtypes
 *(.debug_pubtypes)

.debug_ranges   0x00000000      0x540
 *(.debug_ranges)
 .debug_ranges  0x00000000       0x10 ADC.o
 .debug_ranges  0x00000010       0x10 Descriptors.o
 .debug_ranges  0x00000020       0x48 lcd_lib_2.o
 .debug_ranges  0x00000068       0x28 pressure.o
 .debug_ranges  0x00000090       0x88 src/LUFA/LUFA/Drivers/USB/Class/Device/CDCClassDevice.o
 .debug_ranges  0x00000118      0x1f8 src/LUFA/LUFA/Drivers/USB/Core/AVR8/EndpointStream_AVR8.o
 .debug_ranges  0x00000310       0x78 src/LUFA/LUFA/Drivers/USB/Core/AVR8/Endpoint_AVR8.o
 .debug_ranges  0x00000388       0x20 src/LUFA/LUFA/Drivers/USB/Core/AVR8/USBController_AVR8.o
 .debug_ranges  0x000003a8       0x40 src/LUFA/LUFA/Drivers/USB/Core/AVR8/USBInterrupt_AVR8.o
 .debug_ranges  0x000003e8       0x28 src/LUFA/LUFA/Drivers/USB/Core/DeviceStandardReq.o
 .debug_ranges  0x00000410       0x10 src/LUFA/LUFA/Drivers/USB/Core/Events.o
 .debug_ranges  0x00000420       0x10 src/LUFA/LUFA/Drivers/USB/Core/USBTask.o
 .debug_ranges  0x00000430      0x110 VirtualSerial.o

.debug_macro    0x00000000     0x897a
 *(.debug_macro)
 .debug_macro   0x00000000      0x4e6 ADC.o
 .debug_macro   0x000004e6      0xa72 ADC.o
 .debug_macro   0x00000f58       0x10 ADC.o
 .debug_macro   0x00000f68      0x1ad ADC.o
 .debug_macro   0x00001115      0x293 ADC.o
 .debug_macro   0x000013a8       0x9e ADC.o
 .debug_macro   0x00001446     0x207d ADC.o
 .debug_macro   0x000034c3      0x14f ADC.o
 .debug_macro   0x00003612       0xd9 ADC.o
 .debug_macro   0x000036eb       0x34 ADC.o
 .debug_macro   0x0000371f       0x18 ADC.o
 .debug_macro   0x00003737       0x6c ADC.o
 .debug_macro   0x000037a3       0x68 ADC.o
 .debug_macro   0x0000380b       0xab ADC.o
 .debug_macro   0x000038b6       0x69 ADC.o
 .debug_macro   0x0000391f       0x10 ADC.o
 .debug_macro   0x0000392f       0x89 ADC.o
 .debug_macro   0x000039b8      0x181 ADC.o
 .debug_macro   0x00003b39       0xef ADC.o
 .debug_macro   0x00003c28       0x33 ADC.o
 .debug_macro   0x00003c5b       0x58 ADC.o
 .debug_macro   0x00003cb3       0x10 ADC.o
 .debug_macro   0x00003cc3       0x35 ADC.o
 .debug_macro   0x00003cf8       0xeb ADC.o
 .debug_macro   0x00003de3       0x1c ADC.o
 .debug_macro   0x00003dff       0x5a ADC.o
 .debug_macro   0x00003e59       0x16 ADC.o
 .debug_macro   0x00003e6f       0x12 ADC.o
 .debug_macro   0x00003e81       0x10 ADC.o
 .debug_macro   0x00003e91       0x22 ADC.o
 .debug_macro   0x00003eb3       0x22 ADC.o
 .debug_macro   0x00003ed5      0x199 ADC.o
 .debug_macro   0x0000406e       0x2f ADC.o
 .debug_macro   0x0000409d       0x1c ADC.o
 .debug_macro   0x000040b9       0x68 ADC.o
 .debug_macro   0x00004121       0x2e ADC.o
 .debug_macro   0x0000414f      0x10c ADC.o
 .debug_macro   0x0000425b      0x160 ADC.o
 .debug_macro   0x000043bb      0x160 ADC.o
 .debug_macro   0x0000451b       0x10 ADC.o
 .debug_macro   0x0000452b       0x1c ADC.o
 .debug_macro   0x00004547       0x86 ADC.o
 .debug_macro   0x000045cd       0x3c ADC.o
 .debug_macro   0x00004609       0x19 ADC.o
 .debug_macro   0x00004622       0x4d ADC.o
 .debug_macro   0x0000466f       0x73 ADC.o
 .debug_macro   0x000046e2       0x16 ADC.o
 .debug_macro   0x000046f8       0x12 ADC.o
 .debug_macro   0x0000470a       0x22 ADC.o
 .debug_macro   0x0000472c       0x64 ADC.o
 .debug_macro   0x00004790       0x41 ADC.o
 .debug_macro   0x000047d1       0x10 ADC.o
 .debug_macro   0x000047e1       0x1c ADC.o
 .debug_macro   0x000047fd       0x16 ADC.o
 .debug_macro   0x00004813       0x16 ADC.o
 .debug_macro   0x00004829      0x12c ADC.o
 .debug_macro   0x00004955       0x16 ADC.o
 .debug_macro   0x0000496b       0x46 ADC.o
 .debug_macro   0x000049b1       0x16 ADC.o
 .debug_macro   0x000049c7      0x154 ADC.o
 .debug_macro   0x00004b1b       0x2a ADC.o
 .debug_macro   0x00004b45      0x6ce ADC.o
 .debug_macro   0x00005213       0x16 ADC.o
 .debug_macro   0x00005229      0x132 ADC.o
 .debug_macro   0x0000535b       0x16 ADC.o
 .debug_macro   0x00005371       0x10 ADC.o
 .debug_macro   0x00005381       0x6c ADC.o
 .debug_macro   0x000053ed       0x16 ADC.o
 .debug_macro   0x00005403       0x1c ADC.o
 .debug_macro   0x0000541f       0x16 ADC.o
 .debug_macro   0x00005435       0x10 ADC.o
 .debug_macro   0x00005445      0x1be ADC.o
 .debug_macro   0x00005603       0x16 ADC.o
 .debug_macro   0x00005619       0x22 ADC.o
 .debug_macro   0x0000563b       0xb2 ADC.o
 .debug_macro   0x000056ed       0x5e ADC.o
 .debug_macro   0x0000574b       0x94 ADC.o
 .debug_macro   0x000057df       0x16 ADC.o
 .debug_macro   0x000057f5       0x10 ADC.o
 .debug_macro   0x00005805       0x2e ADC.o
 .debug_macro   0x00005833       0x2e ADC.o
 .debug_macro   0x00005861       0x52 ADC.o
 .debug_macro   0x000058b3       0x1c ADC.o
 .debug_macro   0x000058cf      0x439 Descriptors.o
 .debug_macro   0x00005d08       0xaa Descriptors.o
 .debug_macro   0x00005db2       0x20 Descriptors.o
 .debug_macro   0x00005dd2      0x53d lcd_lib_2.o
 .debug_macro   0x0000630f       0x58 lcd_lib_2.o
 .debug_macro   0x00006367       0x22 lcd_lib_2.o
 .debug_macro   0x00006389      0x2df lcd_lib_2.o
 .debug_macro   0x00006668      0x4e0 pressure.o
 .debug_macro   0x00006b48      0x442 src/LUFA/LUFA/Drivers/USB/Class/Device/CDCClassDevice.o
 .debug_macro   0x00006f8a      0x60e src/LUFA/LUFA/Drivers/USB/Core/AVR8/EndpointStream_AVR8.o
 .debug_macro   0x00007598       0x28 src/LUFA/LUFA/Drivers/USB/Core/AVR8/EndpointStream_AVR8.o
 .debug_macro   0x000075c0       0x1c src/LUFA/LUFA/Drivers/USB/Core/AVR8/EndpointStream_AVR8.o
 .debug_macro   0x000075dc       0x1c src/LUFA/LUFA/Drivers/USB/Core/AVR8/EndpointStream_AVR8.o
 .debug_macro   0x000075f8      0x2a5 src/LUFA/LUFA/Drivers/USB/Core/AVR8/Endpoint_AVR8.o
 .debug_macro   0x0000789d       0x10 src/LUFA/LUFA/Drivers/USB/Core/AVR8/Endpoint_AVR8.o
 .debug_macro   0x000078ad      0x277 src/LUFA/LUFA/Drivers/USB/Core/AVR8/USBController_AVR8.o
 .debug_macro   0x00007b24       0x79 src/LUFA/LUFA/Drivers/USB/Core/AVR8/USBController_AVR8.o
 .debug_macro   0x00007b9d      0x27f src/LUFA/LUFA/Drivers/USB/Core/AVR8/USBInterrupt_AVR8.o
 .debug_macro   0x00007e1c      0x27d src/LUFA/LUFA/Drivers/USB/Core/DeviceStandardReq.o
 .debug_macro   0x00008099      0x182 src/LUFA/LUFA/Drivers/USB/Core/Events.o
 .debug_macro   0x0000821b      0x283 src/LUFA/LUFA/Drivers/USB/Core/USBTask.o
 .debug_macro   0x0000849e      0x4dc VirtualSerial.o
OUTPUT(0.3u.elf elf32-avr)
LOAD linker stubs
