Archive member included because of file (symbol)

c:/program files (x86)/atmel/atmel toolchain/avr8 gcc/native/3.4.1061/avr8-gnu-toolchain/bin/../lib/gcc/avr/4.8.1/../../../../avr/lib/avr5\libm.a(addsf3.o)
                              VirtualSerial.o (__subsf3)
c:/program files (x86)/atmel/atmel toolchain/avr8 gcc/native/3.4.1061/avr8-gnu-toolchain/bin/../lib/gcc/avr/4.8.1/../../../../avr/lib/avr5\libm.a(addsf3x.o)
                              c:/program files (x86)/atmel/atmel toolchain/avr8 gcc/native/3.4.1061/avr8-gnu-toolchain/bin/../lib/gcc/avr/4.8.1/../../../../avr/lib/avr5\libm.a(addsf3.o) (__addsf3x)
c:/program files (x86)/atmel/atmel toolchain/avr8 gcc/native/3.4.1061/avr8-gnu-toolchain/bin/../lib/gcc/avr/4.8.1/../../../../avr/lib/avr5\libm.a(divsf3.o)
                              VirtualSerial.o (__divsf3)
c:/program files (x86)/atmel/atmel toolchain/avr8 gcc/native/3.4.1061/avr8-gnu-toolchain/bin/../lib/gcc/avr/4.8.1/../../../../avr/lib/avr5\libm.a(divsf3x.o)
                              c:/program files (x86)/atmel/atmel toolchain/avr8 gcc/native/3.4.1061/avr8-gnu-toolchain/bin/../lib/gcc/avr/4.8.1/../../../../avr/lib/avr5\libm.a(divsf3.o) (__divsf3x)
c:/program files (x86)/atmel/atmel toolchain/avr8 gcc/native/3.4.1061/avr8-gnu-toolchain/bin/../lib/gcc/avr/4.8.1/../../../../avr/lib/avr5\libm.a(floatsisf.o)
                              VirtualSerial.o (__floatunsisf)
c:/program files (x86)/atmel/atmel toolchain/avr8 gcc/native/3.4.1061/avr8-gnu-toolchain/bin/../lib/gcc/avr/4.8.1/../../../../avr/lib/avr5\libm.a(fp_inf.o)
                              c:/program files (x86)/atmel/atmel toolchain/avr8 gcc/native/3.4.1061/avr8-gnu-toolchain/bin/../lib/gcc/avr/4.8.1/../../../../avr/lib/avr5\libm.a(addsf3x.o) (__fp_inf)
c:/program files (x86)/atmel/atmel toolchain/avr8 gcc/native/3.4.1061/avr8-gnu-toolchain/bin/../lib/gcc/avr/4.8.1/../../../../avr/lib/avr5\libm.a(fp_nan.o)
                              c:/program files (x86)/atmel/atmel toolchain/avr8 gcc/native/3.4.1061/avr8-gnu-toolchain/bin/../lib/gcc/avr/4.8.1/../../../../avr/lib/avr5\libm.a(addsf3x.o) (__fp_nan)
c:/program files (x86)/atmel/atmel toolchain/avr8 gcc/native/3.4.1061/avr8-gnu-toolchain/bin/../lib/gcc/avr/4.8.1/../../../../avr/lib/avr5\libm.a(fp_pscA.o)
                              c:/program files (x86)/atmel/atmel toolchain/avr8 gcc/native/3.4.1061/avr8-gnu-toolchain/bin/../lib/gcc/avr/4.8.1/../../../../avr/lib/avr5\libm.a(addsf3x.o) (__fp_pscA)
c:/program files (x86)/atmel/atmel toolchain/avr8 gcc/native/3.4.1061/avr8-gnu-toolchain/bin/../lib/gcc/avr/4.8.1/../../../../avr/lib/avr5\libm.a(fp_pscB.o)
                              c:/program files (x86)/atmel/atmel toolchain/avr8 gcc/native/3.4.1061/avr8-gnu-toolchain/bin/../lib/gcc/avr/4.8.1/../../../../avr/lib/avr5\libm.a(addsf3x.o) (__fp_pscB)
c:/program files (x86)/atmel/atmel toolchain/avr8 gcc/native/3.4.1061/avr8-gnu-toolchain/bin/../lib/gcc/avr/4.8.1/../../../../avr/lib/avr5\libm.a(fp_round.o)
                              c:/program files (x86)/atmel/atmel toolchain/avr8 gcc/native/3.4.1061/avr8-gnu-toolchain/bin/../lib/gcc/avr/4.8.1/../../../../avr/lib/avr5\libm.a(addsf3.o) (__fp_round)
c:/program files (x86)/atmel/atmel toolchain/avr8 gcc/native/3.4.1061/avr8-gnu-toolchain/bin/../lib/gcc/avr/4.8.1/../../../../avr/lib/avr5\libm.a(fp_split3.o)
                              c:/program files (x86)/atmel/atmel toolchain/avr8 gcc/native/3.4.1061/avr8-gnu-toolchain/bin/../lib/gcc/avr/4.8.1/../../../../avr/lib/avr5\libm.a(addsf3x.o) (__fp_split3)
c:/program files (x86)/atmel/atmel toolchain/avr8 gcc/native/3.4.1061/avr8-gnu-toolchain/bin/../lib/gcc/avr/4.8.1/../../../../avr/lib/avr5\libm.a(fp_zero.o)
                              c:/program files (x86)/atmel/atmel toolchain/avr8 gcc/native/3.4.1061/avr8-gnu-toolchain/bin/../lib/gcc/avr/4.8.1/../../../../avr/lib/avr5\libm.a(addsf3x.o) (__fp_zero)
c:/program files (x86)/atmel/atmel toolchain/avr8 gcc/native/3.4.1061/avr8-gnu-toolchain/bin/../lib/gcc/avr/4.8.1/../../../../avr/lib/avr5\libm.a(mulsf3.o)
                              VirtualSerial.o (__mulsf3)
c:/program files (x86)/atmel/atmel toolchain/avr8 gcc/native/3.4.1061/avr8-gnu-toolchain/bin/../lib/gcc/avr/4.8.1/../../../../avr/lib/avr5\libm.a(mulsf3x.o)
                              c:/program files (x86)/atmel/atmel toolchain/avr8 gcc/native/3.4.1061/avr8-gnu-toolchain/bin/../lib/gcc/avr/4.8.1/../../../../avr/lib/avr5\libm.a(mulsf3.o) (__mulsf3x)
c:/program files (x86)/atmel/atmel toolchain/avr8 gcc/native/3.4.1061/avr8-gnu-toolchain/bin/../lib/gcc/avr/4.8.1/../../../../avr/lib/avr5\libprintf_flt.a(vfprintf_flt.o)
                              (vfprintf)
c:/program files (x86)/atmel/atmel toolchain/avr8 gcc/native/3.4.1061/avr8-gnu-toolchain/bin/../lib/gcc/avr/4.8.1/avr5\libgcc.a(_exit.o)
[...]
Memory Configuration

Name             Origin             Length             Attributes
text             0x00000000         0x00020000         xr
data             0x00800060         0x0000ffa0         rw !x
eeprom           0x00810000         0x00010000         rw !x
fuse             0x00820000         0x00000400         rw !x
lock             0x00830000         0x00000400         rw !x
signature        0x00840000         0x00000400         rw !x
user_signatures  0x00850000         0x00000400         rw !x
*default*        0x00000000         0xffffffff

Linker script and memory map

Address of section .data set to 0x800100
LOAD c:/program files (x86)/atmel/atmel toolchain/avr8 gcc/native/3.4.1061/avr8-gnu-toolchain/bin/../lib/gcc/avr/4.8.1/../../../../avr/lib/avr5/crtm32u4.o
LOAD ADC.o
LOAD buttons.o
LOAD clock.o
LOAD Descriptors.o
LOAD lcd_lib_2.o
LOAD pressure.o
LOAD Relay.o
LOAD src/LUFA/LUFA/Drivers/USB/Class/Common/HIDParser.o
LOAD src/LUFA/LUFA/Drivers/USB/Class/Device/AudioClassDevice.o
LOAD src/LUFA/LUFA/Drivers/USB/Class/Device/CDCClassDevice.o
LOAD src/LUFA/LUFA/Drivers/USB/Class/Device/HIDClassDevice.o
LOAD src/LUFA/LUFA/Drivers/USB/Class/Device/MassStorageClassDevice.o
LOAD src/LUFA/LUFA/Drivers/USB/Class/Device/MIDIClassDevice.o
LOAD src/LUFA/LUFA/Drivers/USB/Class/Device/PrinterClassDevice.o
LOAD src/LUFA/LUFA/Drivers/USB/Class/Device/RNDISClassDevice.o
LOAD src/LUFA/LUFA/Drivers/USB/Class/Host/AndroidAccessoryClassHost.o
LOAD src/LUFA/LUFA/Drivers/USB/Class/Host/AudioClassHost.o
LOAD src/LUFA/LUFA/Drivers/USB/Class/Host/CDCClassHost.o
LOAD src/LUFA/LUFA/Drivers/USB/Class/Host/HIDClassHost.o
LOAD src/LUFA/LUFA/Drivers/USB/Class/Host/MassStorageClassHost.o
LOAD src/LUFA/LUFA/Drivers/USB/Class/Host/MIDIClassHost.o
LOAD src/LUFA/LUFA/Drivers/USB/Class/Host/PrinterClassHost.o
LOAD src/LUFA/LUFA/Drivers/USB/Class/Host/RNDISClassHost.o
LOAD src/LUFA/LUFA/Drivers/USB/Class/Host/StillImageClassHost.o
LOAD src/LUFA/LUFA/Drivers/USB/Core/AVR8/Device_AVR8.o
LOAD src/LUFA/LUFA/Drivers/USB/Core/AVR8/EndpointStream_AVR8.o
LOAD src/LUFA/LUFA/Drivers/USB/Core/AVR8/Endpoint_AVR8.o
LOAD src/LUFA/LUFA/Drivers/USB/Core/AVR8/Host_AVR8.o
LOAD src/LUFA/LUFA/Drivers/USB/Core/AVR8/PipeStream_AVR8.o
LOAD src/LUFA/LUFA/Drivers/USB/Core/AVR8/Pipe_AVR8.o
LOAD src/LUFA/LUFA/Drivers/USB/Core/AVR8/Template/Template_Endpoint_Control_R.o
LOAD src/LUFA/LUFA/Drivers/USB/Core/AVR8/Template/Template_Endpoint_Control_W.o
LOAD src/LUFA/LUFA/Drivers/USB/Core/AVR8/Template/Template_Endpoint_RW.o
LOAD src/LUFA/LUFA/Drivers/USB/Core/AVR8/Template/Template_Pipe_RW.o
LOAD src/LUFA/LUFA/Drivers/USB/Core/AVR8/USBController_AVR8.o
LOAD src/LUFA/LUFA/Drivers/USB/Core/AVR8/USBInterrupt_AVR8.o
LOAD src/LUFA/LUFA/Drivers/USB/Core/ConfigDescriptors.o
LOAD src/LUFA/LUFA/Drivers/USB/Core/DeviceStandardReq.o
LOAD src/LUFA/LUFA/Drivers/USB/Core/Events.o
LOAD src/LUFA/LUFA/Drivers/USB/Core/HostStandardReq.o
LOAD src/LUFA/LUFA/Drivers/USB/Core/USBTask.o
LOAD VirtualSerial.o
START GROUP
LOAD c:/program files (x86)/atmel/atmel toolchain/avr8 gcc/native/3.4.1061/avr8-gnu-toolchain/bin/../lib/gcc/avr/4.8.1/../../../../avr/lib/avr5\libm.a
LOAD c:/program files (x86)/atmel/atmel toolchain/avr8 gcc/native/3.4.1061/avr8-gnu-toolchain/bin/../lib/gcc/avr/4.8.1/../../../../avr/lib/avr5\libprintf_flt.a
END GROUP
START GROUP
LOAD c:/program files (x86)/atmel/atmel toolchain/avr8 gcc/native/3.4.1061/avr8-gnu-toolchain/bin/../lib/gcc/avr/4.8.1/avr5\libgcc.a
LOAD c:/program files (x86)/atmel/atmel toolchain/avr8 gcc/native/3.4.1061/avr8-gnu-toolchain/bin/../lib/gcc/avr/4.8.1/../../../../avr/lib/avr5\libm.a
LOAD c:/program files (x86)/atmel/atmel toolchain/avr8 gcc/native/3.4.1061/avr8-gnu-toolchain/bin/../lib/gcc/avr/4.8.1/../../../../avr/lib/avr5\libc.a
END GROUP

.hash
 *(.hash)

.dynsym
 *(.dynsym)

.dynstr
 *(.dynstr)

.gnu.version
 *(.gnu.version)

.gnu.version_d
 *(.gnu.version_d)

.gnu.version_r
 *(.gnu.version_r)

.rel.init
 *(.rel.init)

.rela.init
 *(.rela.init)

.rel.text
 *(.rel.text)
 *(.rel.text.*)
 *(.rel.gnu.linkonce.t*)

.rela.text
 *(.rela.text)
 *(.rela.text.*)
 *(.rela.gnu.linkonce.t*)

.rel.fini
 *(.rel.fini)

.rela.fini
 *(.rela.fini)

.rel.rodata
 *(.rel.rodata)
 *(.rel.rodata.*)
 *(.rel.gnu.linkonce.r*)

.rela.rodata
 *(.rela.rodata)
 *(.rela.rodata.*)
 *(.rela.gnu.linkonce.r*)

.rel.data
 *(.rel.data)
 *(.rel.data.*)
 *(.rel.gnu.linkonce.d*)

.rela.data
 *(.rela.data)
 *(.rela.data.*)
 *(.rela.gnu.linkonce.d*)

.rel.ctors
 *(.rel.ctors)

.rela.ctors
 *(.rela.ctors)

.rel.dtors
 *(.rel.dtors)

.rela.dtors
 *(.rela.dtors)

.rel.got
 *(.rel.got)

.rela.got
 *(.rela.got)

.rel.bss
 *(.rel.bss)

.rela.bss
 *(.rela.bss)

.rel.plt
 *(.rel.plt)

.rela.plt
 *(.rela.plt)

.text           0x00000000     0x266e
 *(.vectors)
 .vectors       0x00000000       0xac c:/program files (x86)/atmel/atmel toolchain/avr8 gcc/native/3.4.1061/avr8-gnu-toolchain/bin/../lib/gcc/avr/4.8.1/../../../../avr/lib/avr5/crtm32u4.o
                0x00000000                __vector_default
                0x00000000                __vectors
 *(.vectors)
 *(.progmem.gcc*)
                0x000000ac                . = ALIGN (0x2)
                0x000000ac                __trampolines_start = .
 *(.trampolines)
 .trampolines   0x000000ac        0x0 linker stubs
 *(.trampolines*)
                0x000000ac                __trampolines_end = .
 *(.progmem*)
 .progmem.data.ProductString
                0x000000ac       0x1e Descriptors.o
                0x000000ac                ProductString
 .progmem.data.ManufacturerString
                0x000000ca       0x1a Descriptors.o
                0x000000ca                ManufacturerString
 .progmem.data.LanguageString
                0x000000e4        0x4 Descriptors.o
                0x000000e4                LanguageString
 .progmem.data.ConfigurationDescriptor
                0x000000e8       0x3e Descriptors.o
                0x000000e8                ConfigurationDescriptor
 .progmem.data.DeviceDescriptor
                0x00000126       0x12 Descriptors.o
                0x00000126                DeviceDescriptor
 .progmem.data  0x00000138        0x8 c:/program files (x86)/atmel/atmel toolchain/avr8 gcc/native/3.4.1061/avr8-gnu-toolchain/bin/../lib/gcc/avr/4.8.1/../../../../avr/lib/avr5\libprintf_flt.a(vfprintf_flt.o)
 .progmem.data  0x00000140       0xfa c:/program files (x86)/atmel/atmel toolchain/avr8 gcc/native/3.4.1061/avr8-gnu-toolchain/bin/../lib/gcc/avr/4.8.1/../../../../avr/lib/avr5\libc.a(ftoa_engine.o)
                0x0000023a                . = ALIGN (0x2)
 *(.jumptables)
 *(.jumptables*)
 *(.lowtext)
 *(.lowtext*)
                0x0000023a                __ctors_start = .
 *(.ctors)
                0x0000023a                __ctors_end = .
                0x0000023a                __dtors_start = .
 *(.dtors)
                0x0000023a                __dtors_end = .
 SORT(*)(.ctors)
 SORT(*)(.dtors)
 *(.init0)
 .init0         0x0000023a        0x0 c:/program files (x86)/atmel/atmel toolchain/avr8 gcc/native/3.4.1061/avr8-gnu-toolchain/bin/../lib/gcc/avr/4.8.1/../../../../avr/lib/avr5/crtm32u4.o
                0x0000023a                __init
 *(.init0)
 *(.init1)
 *(.init1)
 *(.init2)
 .init2         0x0000023a        0xc c:/program files (x86)/atmel/atmel toolchain/avr8 gcc/native/3.4.1061/avr8-gnu-toolchain/bin/../lib/gcc/avr/4.8.1/../../../../avr/lib/avr5/crtm32u4.o
 *(.init2)
 *(.init3)
 *(.init3)
 *(.init4)
 .init4         0x00000246       0x16 c:/program files (x86)/atmel/atmel toolchain/avr8 gcc/native/3.4.1061/avr8-gnu-toolchain/bin/../lib/gcc/avr/4.8.1/avr5\libgcc.a(_copy_data.o)
                0x00000246                __do_copy_data
 .init4         0x0000025c       0x10 c:/program files (x86)/atmel/atmel toolchain/avr8 gcc/native/3.4.1061/avr8-gnu-toolchain/bin/../lib/gcc/avr/4.8.1/avr5\libgcc.a(_clear_bss.o)
                0x0000025c                __do_clear_bss
 *(.init4)
 *(.init5)
 *(.init5)
 *(.init6)
 *(.init6)
 *(.init7)
 *(.init7)
 *(.init8)
 *(.init8)
 *(.init9)
 .init9         0x0000026c        0x8 c:/program files (x86)/atmel/atmel toolchain/avr8 gcc/native/3.4.1061/avr8-gnu-toolchain/bin/../lib/gcc/avr/4.8.1/../../../../avr/lib/avr5/crtm32u4.o
 *(.init9)
 *(.text)
 .text          0x00000274        0x2 c:/program files (x86)/atmel/atmel toolchain/avr8 gcc/native/3.4.1061/avr8-gnu-toolchain/bin/../lib/gcc/avr/4.8.1/../../../../avr/lib/avr5/crtm32u4.o
                0x00000274                __vector_38
                0x00000274                __vector_22
                0x00000274                __vector_28
                0x00000274                __vector_1
                0x00000274                __vector_34
                0x00000274                __vector_24
                0x00000274                __vector_12
                0x00000274                __bad_interrupt
                0x00000274                __vector_6
                0x00000274                __vector_31
                0x00000274                __vector_35
                0x00000274                __vector_39
                0x00000274                __vector_3
                0x00000274                __vector_23
                0x00000274                __vector_30
                0x00000274                __vector_25
                0x00000274                __vector_13
                0x00000274                __vector_17
                0x00000274                __vector_19
                0x00000274                __vector_7
                0x00000274                __vector_41
                0x00000274                __vector_27
                0x00000274                __vector_5
                0x00000274                __vector_33
                0x00000274                __vector_37
                0x00000274                __vector_4
                0x00000274                __vector_9
                0x00000274                __vector_2
                0x00000274                __vector_21
                0x00000274                __vector_15
                0x00000274                __vector_36
                0x00000274                __vector_29
                0x00000274                __vector_40
                0x00000274                __vector_8
                0x00000274                __vector_26
                0x00000274                __vector_14
                0x00000274                __vector_16
                0x00000274                __vector_18
                0x00000274                __vector_20
                0x00000274                __vector_42
                0x00000276                . = ALIGN (0x2)
 *(.text.*)
 .text.ADC_Init
                0x00000276       0x18 ADC.o
                0x00000276                ADC_Init
 .text.buttonHandle
                0x0000028e      0x136 buttons.o
                0x0000028e                buttonHandle
 .text.Plus_isShortPress
                0x000003c4       0x14 buttons.o
                0x000003c4                Plus_isShortPress
 .text.Ok_isShortPress
                0x000003d8       0x14 buttons.o
                0x000003d8                Ok_isShortPress
 .text.Plus_clearPress
                0x000003ec        0x6 buttons.o
                0x000003ec                Plus_clearPress
 .text.Minus_clearPress
                0x000003f2        0x6 buttons.o
                0x000003f2                Minus_clearPress
 .text.Ok_clearPress
                0x000003f8        0x6 buttons.o
                0x000003f8                Ok_clearPress
 .text.clock_init
                0x000003fe       0x24 clock.o
                0x000003fe                clock_init
 .text.__vector_32
                0x00000422       0x7e clock.o
                0x00000422                __vector_32
 .text.millis   0x000004a0       0x5e clock.o
                0x000004a0                millis
 .text.CALLBACK_USB_GetDescriptor
                0x000004fe       0x64 Descriptors.o
                0x000004fe                CALLBACK_USB_GetDescriptor
 .text.LCD_CommonFunc
                0x00000562       0x74 lcd_lib_2.o
 .text.LCD_WriteComInit
                0x000005d6       0x44 lcd_lib_2.o
                0x000005d6                LCD_WriteComInit
 .text.LCD_WriteCom
                0x0000061a        0xc lcd_lib_2.o
                0x0000061a                LCD_WriteCom
 .text.LCD_WriteData
                0x00000626        0xc lcd_lib_2.o
                0x00000626                LCD_WriteData
 .text.LCD_Init
                0x00000632       0x62 lcd_lib_2.o
                0x00000632                LCD_Init
 .text.LCD_SendStr
                0x00000694       0x38 lcd_lib_2.o
                0x00000694                LCD_SendStr
 .text.middle_of_3
                0x000006cc       0x30 pressure.o
                0x000006cc                middle_of_3
 .text.pressure_midle
                0x000006fc       0xa6 pressure.o
                0x000006fc                pressure_midle
 .text.CDC_Device_ConfigureEndpoints
                0x000007a2       0x4a src/LUFA/LUFA/Drivers/USB/Class/Device/CDCClassDevice.o
                0x000007a2                CDC_Device_ConfigureEndpoints
 .text.CDC_Device_SendString
                0x000007ec       0x42 src/LUFA/LUFA/Drivers/USB/Class/Device/CDCClassDevice.o
                0x000007ec                CDC_Device_SendString
 .text.CDC_Device_SendByte
                0x0000082e       0x4e src/LUFA/LUFA/Drivers/USB/Class/Device/CDCClassDevice.o
                0x0000082e                CDC_Device_SendByte
 .text.CDC_Device_putchar
                0x0000087c       0x20 src/LUFA/LUFA/Drivers/USB/Class/Device/CDCClassDevice.o
 .text.CDC_Device_Flush
                0x0000089c       0x5c src/LUFA/LUFA/Drivers/USB/Class/Device/CDCClassDevice.o
                0x0000089c                CDC_Device_Flush
 .text.CDC_Device_USBTask
                0x000008f8       0x2c src/LUFA/LUFA/Drivers/USB/Class/Device/CDCClassDevice.o
                0x000008f8                CDC_Device_USBTask
 .text.CDC_Device_ReceiveByte
                0x00000924       0x6a src/LUFA/LUFA/Drivers/USB/Class/Device/CDCClassDevice.o
                0x00000924                CDC_Device_ReceiveByte
 .text.CDC_Device_getchar
                0x0000098e       0x12 src/LUFA/LUFA/Drivers/USB/Class/Device/CDCClassDevice.o
 .text.CDC_Device_CreateStream
                0x000009a0       0x26 src/LUFA/LUFA/Drivers/USB/Class/Device/CDCClassDevice.o
                0x000009a0                CDC_Device_CreateStream
 .text.CDC_Device_Event_Stub
                0x000009c6        0x2 src/LUFA/LUFA/Drivers/USB/Class/Device/CDCClassDevice.o
                0x000009c6                EVENT_CDC_Device_ControLineStateChanged
                0x000009c6                EVENT_CDC_Device_BreakSent
                0x000009c6                CDC_Device_Event_Stub
                0x000009c6                EVENT_CDC_Device_LineEncodingChanged
 .text.CDC_Device_ProcessControlRequest
                0x000009c8      0x160 src/LUFA/LUFA/Drivers/USB/Class/Device/CDCClassDevice.o
                0x000009c8                CDC_Device_ProcessControlRequest
 .text.Endpoint_Write_Stream_LE
                0x00000b28       0x8e src/LUFA/LUFA/Drivers/USB/Core/AVR8/EndpointStream_AVR8.o
                0x00000b28                Endpoint_Write_Stream_LE
 .text.Endpoint_Write_Control_Stream_LE
                0x00000bb6       0xc2 src/LUFA/LUFA/Drivers/USB/Core/AVR8/EndpointStream_AVR8.o
                0x00000bb6                Endpoint_Write_Control_Stream_LE
 .text.Endpoint_Write_Control_PStream_LE
                0x00000c78       0xc4 src/LUFA/LUFA/Drivers/USB/Core/AVR8/EndpointStream_AVR8.o
                0x00000c78                Endpoint_Write_Control_PStream_LE
 .text.Endpoint_ConfigureEndpoint_Prv
                0x00000d3c       0x6a src/LUFA/LUFA/Drivers/USB/Core/AVR8/Endpoint_AVR8.o
                0x00000d3c                Endpoint_ConfigureEndpoint_Prv
 .text.Endpoint_ConfigureEndpointTable
                0x00000da6       0x7a src/LUFA/LUFA/Drivers/USB/Core/AVR8/Endpoint_AVR8.o
                0x00000da6                Endpoint_ConfigureEndpointTable
 .text.Endpoint_ClearStatusStage
                0x00000e20       0x42 src/LUFA/LUFA/Drivers/USB/Core/AVR8/Endpoint_AVR8.o
                0x00000e20                Endpoint_ClearStatusStage
 .text.Endpoint_WaitUntilReady
                0x00000e62       0x60 src/LUFA/LUFA/Drivers/USB/Core/AVR8/Endpoint_AVR8.o
                0x00000e62                Endpoint_WaitUntilReady
 .text.USB_ResetInterface
                0x00000ec2       0x80 src/LUFA/LUFA/Drivers/USB/Core/AVR8/USBController_AVR8.o
                0x00000ec2                USB_ResetInterface
 .text.USB_Init
                0x00000f42       0x20 src/LUFA/LUFA/Drivers/USB/Core/AVR8/USBController_AVR8.o
                0x00000f42                USB_Init
 .text.USB_INT_DisableAllInterrupts
                0x00000f62       0x10 src/LUFA/LUFA/Drivers/USB/Core/AVR8/USBInterrupt_AVR8.o
                0x00000f62                USB_INT_DisableAllInterrupts
 .text.USB_INT_ClearAllInterrupts
                0x00000f72        0xa src/LUFA/LUFA/Drivers/USB/Core/AVR8/USBInterrupt_AVR8.o
                0x00000f72                USB_INT_ClearAllInterrupts
 .text.__vector_10
                0x00000f7c      0x196 src/LUFA/LUFA/Drivers/USB/Core/AVR8/USBInterrupt_AVR8.o
                0x00000f7c                __vector_10
 .text.__vector_11
                0x00001112       0x76 src/LUFA/LUFA/Drivers/USB/Core/AVR8/USBInterrupt_AVR8.o
                0x00001112                __vector_11
 .text.USB_Device_ProcessControlRequest
                0x00001188      0x2a2 src/LUFA/LUFA/Drivers/USB/Core/DeviceStandardReq.o
                0x00001188                USB_Device_ProcessControlRequest
 .text.USB_Event_Stub
                0x0000142a        0x2 src/LUFA/LUFA/Drivers/USB/Core/Events.o
                0x0000142a                USB_Event_Stub
                0x0000142a                EVENT_USB_Device_Suspend
                0x0000142a                EVENT_USB_Device_StartOfFrame
                0x0000142a                EVENT_USB_Device_Reset
                0x0000142a                EVENT_USB_Device_WakeUp
 .text.USB_USBTask
                0x0000142c       0x38 src/LUFA/LUFA/Drivers/USB/Core/USBTask.o
                0x0000142c                USB_USBTask
 .text.SetupHardware
                0x00001464       0x42 VirtualSerial.o
                0x00001464                SetupHardware
 .text.normalHandle
                0x000014a6      0x1e2 VirtualSerial.o
                0x000014a6                normalHandle
 .text.loop     0x00001688        0xc VirtualSerial.o
                0x00001688                loop
 .text.startup.main
                0x00001694       0x56 VirtualSerial.o
                0x00001694                main
 .text.EVENT_USB_Device_Connect
                0x000016ea       0x1a VirtualSerial.o
                0x000016ea                EVENT_USB_Device_Connect
 .text.EVENT_USB_Device_Disconnect
                0x00001704       0x1a VirtualSerial.o
                0x00001704                EVENT_USB_Device_Disconnect
 .text.EVENT_USB_Device_ConfigurationChanged
                0x0000171e       0x20 VirtualSerial.o
                0x0000171e                EVENT_USB_Device_ConfigurationChanged
 .text.EVENT_USB_Device_ControlRequest
                0x0000173e        0x6 VirtualSerial.o
                0x0000173e                EVENT_USB_Device_ControlRequest
 .text.avr-libc.fplib
                0x00001744        0xa c:/program files (x86)/atmel/atmel toolchain/avr8 gcc/native/3.4.1061/avr8-gnu-toolchain/bin/../lib/gcc/avr/4.8.1/../../../../avr/lib/avr5\libm.a(addsf3.o)
                0x00001744                __subsf3
                0x00001746                __addsf3
 .text.avr-libc.fplib
                0x0000174e       0xc0 c:/program files (x86)/atmel/atmel toolchain/avr8 gcc/native/3.4.1061/avr8-gnu-toolchain/bin/../lib/gcc/avr/4.8.1/../../../../avr/lib/avr5\libm.a(addsf3x.o)
                0x00001768                __addsf3x
 .text.avr-libc.fplib
                0x0000180e        0x4 c:/program files (x86)/atmel/atmel toolchain/avr8 gcc/native/3.4.1061/avr8-gnu-toolchain/bin/../lib/gcc/avr/4.8.1/../../../../avr/lib/avr5\libm.a(divsf3.o)
                0x0000180e                __divsf3
 .text.avr-libc.fplib
                0x00001812       0xcc c:/program files (x86)/atmel/atmel toolchain/avr8 gcc/native/3.4.1061/avr8-gnu-toolchain/bin/../lib/gcc/avr/4.8.1/../../../../avr/lib/avr5\libm.a(divsf3x.o)
                0x00001828                __divsf3x
                0x0000182c                __divsf3_pse
 .text.avr-libc.fplib
                0x000018de       0x7a c:/program files (x86)/atmel/atmel toolchain/avr8 gcc/native/3.4.1061/avr8-gnu-toolchain/bin/../lib/gcc/avr/4.8.1/../../../../avr/lib/avr5\libm.a(floatsisf.o)
                0x000018de                __floatunsisf
                0x000018e2                __floatsisf
 .text.avr-libc.fplib
                0x00001958        0xc c:/program files (x86)/atmel/atmel toolchain/avr8 gcc/native/3.4.1061/avr8-gnu-toolchain/bin/../lib/gcc/avr/4.8.1/../../../../avr/lib/avr5\libm.a(fp_inf.o)
                0x00001958                __fp_inf
 .text.avr-libc.fplib
                0x00001964        0x6 c:/program files (x86)/atmel/atmel toolchain/avr8 gcc/native/3.4.1061/avr8-gnu-toolchain/bin/../lib/gcc/avr/4.8.1/../../../../avr/lib/avr5\libm.a(fp_nan.o)
                0x00001964                __fp_nan
 .text.avr-libc.fplib
                0x0000196a        0xe c:/program files (x86)/atmel/atmel toolchain/avr8 gcc/native/3.4.1061/avr8-gnu-toolchain/bin/../lib/gcc/avr/4.8.1/../../../../avr/lib/avr5\libm.a(fp_pscA.o)
                0x0000196a                __fp_pscA
 .text.avr-libc.fplib
                0x00001978        0xe c:/program files (x86)/atmel/atmel toolchain/avr8 gcc/native/3.4.1061/avr8-gnu-toolchain/bin/../lib/gcc/avr/4.8.1/../../../../avr/lib/avr5\libm.a(fp_pscB.o)
                0x00001978                __fp_pscB
 .text.avr-libc.fplib
                0x00001986       0x22 c:/program files (x86)/atmel/atmel toolchain/avr8 gcc/native/3.4.1061/avr8-gnu-toolchain/bin/../lib/gcc/avr/4.8.1/../../../../avr/lib/avr5\libm.a(fp_round.o)
                0x00001986                __fp_round
 .text.avr-libc.fplib
                0x000019a8       0x44 c:/program files (x86)/atmel/atmel toolchain/avr8 gcc/native/3.4.1061/avr8-gnu-toolchain/bin/../lib/gcc/avr/4.8.1/../../../../avr/lib/avr5\libm.a(fp_split3.o)
                0x000019a8                __fp_split3
                0x000019b8                __fp_splitA
 .text.avr-libc.fplib
                0x000019ec        0xe c:/program files (x86)/atmel/atmel toolchain/avr8 gcc/native/3.4.1061/avr8-gnu-toolchain/bin/../lib/gcc/avr/4.8.1/../../../../avr/lib/avr5\libm.a(fp_zero.o)
                0x000019ec                __fp_zero
                0x000019ee                __fp_szero
 .text.avr-libc.fplib
                0x000019fa        0x4 c:/program files (x86)/atmel/atmel toolchain/avr8 gcc/native/3.4.1061/avr8-gnu-toolchain/bin/../lib/gcc/avr/4.8.1/../../../../avr/lib/avr5\libm.a(mulsf3.o)
                0x000019fa                __mulsf3
 .text.avr-libc.fplib
                0x000019fe       0xc2 c:/program files (x86)/atmel/atmel toolchain/avr8 gcc/native/3.4.1061/avr8-gnu-toolchain/bin/../lib/gcc/avr/4.8.1/../../../../avr/lib/avr5\libm.a(mulsf3x.o)
                0x00001a12                __mulsf3x
                0x00001a16                __mulsf3_pse
 .text.avr-libc
                0x00001ac0      0x6b8 c:/program files (x86)/atmel/atmel toolchain/avr8 gcc/native/3.4.1061/avr8-gnu-toolchain/bin/../lib/gcc/avr/4.8.1/../../../../avr/lib/avr5\libprintf_flt.a(vfprintf_flt.o)
                0x00001ac0                vfprintf
 .text.libgcc.div
                0x00002178       0x56 c:/program files (x86)/atmel/atmel toolchain/avr8 gcc/native/3.4.1061/avr8-gnu-toolchain/bin/../lib/gcc/avr/4.8.1/avr5\libgcc.a(_divdi3.o)
                0x00002178                __moddi3
                0x0000217c                __divdi3
                0x0000217e                __divdi3_moddi3
 .text.libgcc.div
                0x000021ce       0x1a c:/program files (x86)/atmel/atmel toolchain/avr8 gcc/native/3.4.1061/avr8-gnu-toolchain/bin/../lib/gcc/avr/4.8.1/avr5\libgcc.a(_udivdi3.o)
                0x000021ce                __umoddi3
                0x000021d2                __udivdi3
                0x000021d4                __udivdi3_umoddi3
 .text.libgcc.div
                0x000021e8       0xa2 c:/program files (x86)/atmel/atmel toolchain/avr8 gcc/native/3.4.1061/avr8-gnu-toolchain/bin/../lib/gcc/avr/4.8.1/avr5\libgcc.a(_udivmod64.o)
                0x000021e8                __udivmod64
 .text.libgcc   0x0000228a       0x20 c:/program files (x86)/atmel/atmel toolchain/avr8 gcc/native/3.4.1061/avr8-gnu-toolchain/bin/../lib/gcc/avr/4.8.1/avr5\libgcc.a(_negdi2.o)
                0x0000228a                __negdi2
 .text.libgcc.prologue
                0x000022aa       0x38 c:/program files (x86)/atmel/atmel toolchain/avr8 gcc/native/3.4.1061/avr8-gnu-toolchain/bin/../lib/gcc/avr/4.8.1/avr5\libgcc.a(_prologue.o)
                0x000022aa                __prologue_saves__
 .text.libgcc.prologue
                0x000022e2       0x36 c:/program files (x86)/atmel/atmel toolchain/avr8 gcc/native/3.4.1061/avr8-gnu-toolchain/bin/../lib/gcc/avr/4.8.1/avr5\libgcc.a(_epilogue.o)
                0x000022e2                __epilogue_restores__
 .text.libgcc   0x00002318       0x18 c:/program files (x86)/atmel/atmel toolchain/avr8 gcc/native/3.4.1061/avr8-gnu-toolchain/bin/../lib/gcc/avr/4.8.1/avr5\libgcc.a(_adddi3_s8.o)
                0x00002318                __adddi3_s8
 .text.avr-libc
                0x00002330      0x1b0 c:/program files (x86)/atmel/atmel toolchain/avr8 gcc/native/3.4.1061/avr8-gnu-toolchain/bin/../lib/gcc/avr/4.8.1/../../../../avr/lib/avr5\libc.a(ftoa_engine.o)
                0x00002330                __ftoa_engine
 .text.avr-libc
                0x000024e0       0x16 c:/program files (x86)/atmel/atmel toolchain/avr8 gcc/native/3.4.1061/avr8-gnu-toolchain/bin/../lib/gcc/avr/4.8.1/../../../../avr/lib/avr5\libc.a(strnlen_P.o)
                0x000024e0                strnlen_P
 .text.avr-libc
                0x000024f6       0x16 c:/program files (x86)/atmel/atmel toolchain/avr8 gcc/native/3.4.1061/avr8-gnu-toolchain/bin/../lib/gcc/avr/4.8.1/../../../../avr/lib/avr5\libc.a(strnlen.o)
                0x000024f6                strnlen
 .text.avr-libc
                0x0000250c       0x64 c:/program files (x86)/atmel/atmel toolchain/avr8 gcc/native/3.4.1061/avr8-gnu-toolchain/bin/../lib/gcc/avr/4.8.1/../../../../avr/lib/avr5\libc.a(fputc.o)
                0x0000250c                fputc
 .text.avr-libc
                0x00002570       0x3e c:/program files (x86)/atmel/atmel toolchain/avr8 gcc/native/3.4.1061/avr8-gnu-toolchain/bin/../lib/gcc/avr/4.8.1/../../../../avr/lib/avr5\libc.a(sprintf.o)
                0x00002570                sprintf
 .text.avr-libc
                0x000025ae       0xbc c:/program files (x86)/atmel/atmel toolchain/avr8 gcc/native/3.4.1061/avr8-gnu-toolchain/bin/../lib/gcc/avr/4.8.1/../../../../avr/lib/avr5\libc.a(ultoa_invert.o)
                0x000025ae                __ultoa_invert
                0x0000266a                . = ALIGN (0x2)
 *(.fini9)
 .fini9         0x0000266a        0x0 c:/program files (x86)/atmel/atmel toolchain/avr8 gcc/native/3.4.1061/avr8-gnu-toolchain/bin/../lib/gcc/avr/4.8.1/avr5\libgcc.a(_exit.o)
                0x0000266a                _exit
                0x0000266a                exit
 *(.fini9)
 *(.fini8)
 *(.fini8)
 *(.fini7)
 *(.fini7)
 *(.fini6)
 *(.fini6)
 *(.fini5)
 *(.fini5)
 *(.fini4)
 *(.fini4)
 *(.fini3)
 *(.fini3)
 *(.fini2)
 *(.fini2)
 *(.fini1)
 *(.fini1)
 *(.fini0)
 .fini0         0x0000266a        0x4 c:/program files (x86)/atmel/atmel toolchain/avr8 gcc/native/3.4.1061/avr8-gnu-toolchain/bin/../lib/gcc/avr/4.8.1/avr5\libgcc.a(_exit.o)
 *(.fini0)
                0x0000266e                _etext = .

.data           0x00800100       0x64 load address 0x0000266e
                0x00800100                PROVIDE (__data_start, .)
 *(.data)
 *(.data*)
 .data.oldOpMode
                0x00800100        0x1 VirtualSerial.o
                0x00800100                oldOpMode
 .data.VirtualSerial_CDC_Interface
                0x00800101       0x1b VirtualSerial.o
                0x00800101                VirtualSerial_CDC_Interface
 *(.rodata)
 *(.rodata*)
 .rodata.str1.1
                0x0080011c       0x48 VirtualSerial.o
 *(.gnu.linkonce.d*)
                0x00800164                . = ALIGN (0x2)
                0x00800164                _edata = .
                0x00800164                PROVIDE (__data_end, .)

.bss            0x00800164       0x4f
                0x00800164                PROVIDE (__bss_start, .)
 *(.bss)
 *(.bss*)
 .bss.Ok_buttonTime
                0x00800164        0x4 buttons.o
 .bss.Ok_buttonIsPressed
                0x00800168        0x1 buttons.o
 .bss.Ok_askedLongPress
                0x00800169        0x1 buttons.o
 .bss.Ok_shortPress
                0x0080016a        0x1 buttons.o
 .bss.Minus_buttonTime
                0x0080016b        0x4 buttons.o
 .bss.Minus_buttonIsPressed
                0x0080016f        0x1 buttons.o
 .bss.Minus_askedLongPress
                0x00800170        0x1 buttons.o
 .bss.Minus_shortPress
                0x00800171        0x1 buttons.o
 .bss.Plus_buttonTime
                0x00800172        0x4 buttons.o
 .bss.Plus_buttonIsPressed
                0x00800176        0x1 buttons.o
 .bss.Plus_askedLongPress
                0x00800177        0x1 buttons.o
 .bss.Plus_shortPress
                0x00800178        0x1 buttons.o
 .bss.microtime
                0x00800179        0x8 clock.o
 .bss.valueShown
                0x00800181        0x1 VirtualSerial.o
                0x00800181                valueShown
 .bss.mss       0x00800182        0x4 VirtualSerial.o
                0x00800182                mss
 .bss.lastSwitchTime
                0x00800186        0x4 VirtualSerial.o
                0x00800186                lastSwitchTime
 .bss.lastDisplayTime
                0x0080018a        0x4 VirtualSerial.o
                0x0080018a                lastDisplayTime
 .bss.Log_On    0x0080018e        0x1 VirtualSerial.o
                0x0080018e                Log_On
 .bss.opMode    0x0080018f        0x1 VirtualSerial.o
                0x0080018f                opMode
 .bss.USBSerialStream
                0x00800190        0xe VirtualSerial.o
 *(COMMON)
 COMMON         0x0080019e        0x3 src/LUFA/LUFA/Drivers/USB/Core/DeviceStandardReq.o
                0x0080019e                USB_Device_ConfigurationNumber
                0x0080019f                USB_Device_CurrentlySelfPowered
                0x008001a0                USB_Device_RemoteWakeupEnabled
 COMMON         0x008001a1        0xa src/LUFA/LUFA/Drivers/USB/Core/USBTask.o
                0x008001a1                USB_IsInitialized
                0x008001a2                USB_DeviceState
                0x008001a3                USB_ControlRequest
 COMMON         0x008001ab        0x8 VirtualSerial.o
                0x008001ab                pressure_min_stat
                0x008001ad                pressure_max_stat
                0x008001af                pressure_mid
                0x008001b1                pressure_max_dyn
                0x008001b3                PROVIDE (__bss_end, .)
                0x0000266e                __data_load_start = LOADADDR (.data)
                0x000026d2                __data_load_end = (__data_load_start + SIZEOF (.data))

.noinit         0x008001b3        0x0
                0x008001b3                PROVIDE (__noinit_start, .)
 *(.noinit*)
                0x008001b3                PROVIDE (__noinit_end, .)
                0x008001b3                _end = .
                0x008001b3                PROVIDE (__heap_start, .)

.eeprom         0x00810000        0x0
 *(.eeprom*)
                0x00810000                __eeprom_end = .

.fuse
 *(.fuse)
 *(.lfuse)
 *(.hfuse)
 *(.efuse)

.lock
 *(.lock*)

.signature
 *(.signature*)

.user_signatures
 *(.user_signatures*)

.stab
 *(.stab)

.stabstr
 *(.stabstr)

.stab.excl
 *(.stab.excl)

.stab.exclstr
 *(.stab.exclstr)

.stab.index
 *(.stab.index)

.stab.indexstr
 *(.stab.indexstr)

.comment        0x00000000       0x5c
 *(.comment)
 .comment       0x00000000       0x30 ADC.o
                                 0x31 (size before relaxing)
 .comment       0x00000000       0x31 buttons.o
 .comment       0x00000000       0x31 clock.o
 .comment       0x00000000       0x31 Descriptors.o
 .comment       0x00000000       0x31 lcd_lib_2.o
 .comment       0x00000000       0x31 pressure.o
 .comment       0x00000000       0x31 src/LUFA/LUFA/Drivers/USB/Class/Device/CDCClassDevice.o
 .comment       0x00000000       0x31 src/LUFA/LUFA/Drivers/USB/Core/AVR8/EndpointStream_AVR8.o
 .comment       0x00000000       0x31 src/LUFA/LUFA/Drivers/USB/Core/AVR8/Endpoint_AVR8.o
 .comment       0x00000000       0x31 src/LUFA/LUFA/Drivers/USB/Core/AVR8/USBController_AVR8.o
 .comment       0x00000000       0x31 src/LUFA/LUFA/Drivers/USB/Core/AVR8/USBInterrupt_AVR8.o
 .comment       0x00000000       0x31 src/LUFA/LUFA/Drivers/USB/Core/DeviceStandardReq.o
 .comment       0x00000000       0x31 src/LUFA/LUFA/Drivers/USB/Core/Events.o
 .comment       0x00000000       0x31 src/LUFA/LUFA/Drivers/USB/Core/USBTask.o
 .comment       0x00000000       0x31 VirtualSerial.o
 .comment       0x00000030       0x2c c:/program files (x86)/atmel/atmel toolchain/avr8 gcc/native/3.4.1061/avr8-gnu-toolchain/bin/../lib/gcc/avr/4.8.1/../../../../avr/lib/avr5\libprintf_flt.a(vfprintf_flt.o)
                                 0x2d (size before relaxing)
 .comment       0x00000000       0x31 c:/program files (x86)/atmel/atmel toolchain/avr8 gcc/native/3.4.1061/avr8-gnu-toolchain/bin/../lib/gcc/avr/4.8.1/../../../../avr/lib/avr5\libc.a(fputc.o)
 .comment       0x00000000       0x31 c:/program files (x86)/atmel/atmel toolchain/avr8 gcc/native/3.4.1061/avr8-gnu-toolchain/bin/../lib/gcc/avr/4.8.1/../../../../avr/lib/avr5\libc.a(sprintf.o)

.note.gnu.build-id
 *(.note.gnu.build-id)

.debug
 *(.debug)

.line
 *(.line)

.debug_srcinfo
 *(.debug_srcinfo)

.debug_sfnames
 *(.debug_sfnames)

.debug_aranges  0x00000000      0x440
 *(.debug_aranges)
 .debug_aranges
                0x00000000       0x20 ADC.o
 .debug_aranges
                0x00000020       0x68 buttons.o
 .debug_aranges
                0x00000088       0x48 clock.o
 .debug_aranges
                0x000000d0       0x20 Descriptors.o
 .debug_aranges
                0x000000f0       0x58 lcd_lib_2.o
 .debug_aranges
                0x00000148       0x28 pressure.o
 .debug_aranges
                0x00000170       0x98 src/LUFA/LUFA/Drivers/USB/Class/Device/CDCClassDevice.o
 .debug_aranges
                0x00000208       0xc8 src/LUFA/LUFA/Drivers/USB/Core/AVR8/EndpointStream_AVR8.o
 .debug_aranges
                0x000002d0       0x40 src/LUFA/LUFA/Drivers/USB/Core/AVR8/Endpoint_AVR8.o
 .debug_aranges
                0x00000310       0x30 src/LUFA/LUFA/Drivers/USB/Core/AVR8/USBController_AVR8.o
 .debug_aranges
                0x00000340       0x38 src/LUFA/LUFA/Drivers/USB/Core/AVR8/USBInterrupt_AVR8.o
 .debug_aranges
                0x00000378       0x20 src/LUFA/LUFA/Drivers/USB/Core/DeviceStandardReq.o
 .debug_aranges
                0x00000398       0x20 src/LUFA/LUFA/Drivers/USB/Core/Events.o
 .debug_aranges
                0x000003b8       0x20 src/LUFA/LUFA/Drivers/USB/Core/USBTask.o
 .debug_aranges
                0x000003d8       0x68 VirtualSerial.o

.debug_pubnames
 *(.debug_pubnames)

.debug_info     0x00000000     0x6739
 *(.debug_info .gnu.linkonce.wi.*)
 .debug_info    0x00000000       0xae ADC.o
 .debug_info    0x000000ae      0x32f buttons.o
 .debug_info    0x000003dd      0x1c1 clock.o
 .debug_info    0x0000059e      0x78a Descriptors.o
 .debug_info    0x00000d28      0x67c lcd_lib_2.o
 .debug_info    0x000013a4      0x1c4 pressure.o
 .debug_info    0x00001568      0xe82 src/LUFA/LUFA/Drivers/USB/Class/Device/CDCClassDevice.o
 .debug_info    0x000023ea     0x17b8 src/LUFA/LUFA/Drivers/USB/Core/AVR8/EndpointStream_AVR8.o
 .debug_info    0x00003ba2      0x618 src/LUFA/LUFA/Drivers/USB/Core/AVR8/Endpoint_AVR8.o
 .debug_info    0x000041ba      0x4cf src/LUFA/LUFA/Drivers/USB/Core/AVR8/USBController_AVR8.o
 .debug_info    0x00004689      0x7c8 src/LUFA/LUFA/Drivers/USB/Core/AVR8/USBInterrupt_AVR8.o
 .debug_info    0x00004e51      0xa5b src/LUFA/LUFA/Drivers/USB/Core/DeviceStandardReq.o
 .debug_info    0x000058ac       0x7c src/LUFA/LUFA/Drivers/USB/Core/Events.o
 .debug_info    0x00005928      0x26f src/LUFA/LUFA/Drivers/USB/Core/USBTask.o
 .debug_info    0x00005b97      0xba2 VirtualSerial.o

.debug_abbrev   0x00000000     0x1b7b
 *(.debug_abbrev)
 .debug_abbrev  0x00000000       0x6c ADC.o
 .debug_abbrev  0x0000006c       0xfe buttons.o
 .debug_abbrev  0x0000016a      0x113 clock.o
 .debug_abbrev  0x0000027d      0x151 Descriptors.o
 .debug_abbrev  0x000003ce      0x1d9 lcd_lib_2.o
 .debug_abbrev  0x000005a7      0x121 pressure.o
 .debug_abbrev  0x000006c8      0x420 src/LUFA/LUFA/Drivers/USB/Class/Device/CDCClassDevice.o
 .debug_abbrev  0x00000ae8      0x216 src/LUFA/LUFA/Drivers/USB/Core/AVR8/EndpointStream_AVR8.o
 .debug_abbrev  0x00000cfe      0x225 src/LUFA/LUFA/Drivers/USB/Core/AVR8/Endpoint_AVR8.o
 .debug_abbrev  0x00000f23      0x199 src/LUFA/LUFA/Drivers/USB/Core/AVR8/USBController_AVR8.o
 .debug_abbrev  0x000010bc      0x237 src/LUFA/LUFA/Drivers/USB/Core/AVR8/USBInterrupt_AVR8.o
 .debug_abbrev  0x000012f3      0x2cc src/LUFA/LUFA/Drivers/USB/Core/DeviceStandardReq.o
 .debug_abbrev  0x000015bf       0x47 src/LUFA/LUFA/Drivers/USB/Core/Events.o
 .debug_abbrev  0x00001606      0x16b src/LUFA/LUFA/Drivers/USB/Core/USBTask.o
 .debug_abbrev  0x00001771      0x40a VirtualSerial.o

.debug_line     0x00000000     0xcc6a
 *(.debug_line .debug_line.* .debug_line_end)
 .debug_line    0x00000000      0xd86 ADC.o
 .debug_line    0x00000d86      0xfc7 buttons.o
 .debug_line    0x00001d4d      0xe34 clock.o
 .debug_line    0x00002b81      0xca0 Descriptors.o
 .debug_line    0x00003821     0x107f lcd_lib_2.o
 .debug_line    0x000048a0      0xe0b pressure.o
 .debug_line    0x000056ab     0x13b3 src/LUFA/LUFA/Drivers/USB/Class/Device/CDCClassDevice.o
 .debug_line    0x00006a5e     0x1b5a src/LUFA/LUFA/Drivers/USB/Core/AVR8/EndpointStream_AVR8.o
 .debug_line    0x000085b8      0xbcd src/LUFA/LUFA/Drivers/USB/Core/AVR8/Endpoint_AVR8.o
 .debug_line    0x00009185      0x8ca src/LUFA/LUFA/Drivers/USB/Core/AVR8/USBController_AVR8.o
 .debug_line    0x00009a4f      0xb70 src/LUFA/LUFA/Drivers/USB/Core/AVR8/USBInterrupt_AVR8.o
 .debug_line    0x0000a5bf      0xa4b src/LUFA/LUFA/Drivers/USB/Core/DeviceStandardReq.o
 .debug_line    0x0000b00a      0x472 src/LUFA/LUFA/Drivers/USB/Core/Events.o
 .debug_line    0x0000b47c      0x7f2 src/LUFA/LUFA/Drivers/USB/Core/USBTask.o
 .debug_line    0x0000bc6e      0xffc VirtualSerial.o

.debug_frame    0x00000000      0xc30
 *(.debug_frame)
 .debug_frame   0x00000000       0x24 ADC.o
 .debug_frame   0x00000024       0xe4 buttons.o
 .debug_frame   0x00000108      0x1a8 clock.o
 .debug_frame   0x000002b0       0x24 Descriptors.o
 .debug_frame   0x000002d4       0xd0 lcd_lib_2.o
 .debug_frame   0x000003a4       0x64 pressure.o
 .debug_frame   0x00000408      0x168 src/LUFA/LUFA/Drivers/USB/Class/Device/CDCClassDevice.o
 .debug_frame   0x00000570      0x3ac src/LUFA/LUFA/Drivers/USB/Core/AVR8/EndpointStream_AVR8.o
 .debug_frame   0x0000091c       0x78 src/LUFA/LUFA/Drivers/USB/Core/AVR8/Endpoint_AVR8.o
 .debug_frame   0x00000994       0x58 src/LUFA/LUFA/Drivers/USB/Core/AVR8/USBController_AVR8.o
 .debug_frame   0x000009ec       0xe8 src/LUFA/LUFA/Drivers/USB/Core/AVR8/USBInterrupt_AVR8.o
 .debug_frame   0x00000ad4       0x3c src/LUFA/LUFA/Drivers/USB/Core/DeviceStandardReq.o
 .debug_frame   0x00000b10       0x24 src/LUFA/LUFA/Drivers/USB/Core/Events.o
 .debug_frame   0x00000b34       0x2c src/LUFA/LUFA/Drivers/USB/Core/USBTask.o
 .debug_frame   0x00000b60       0xd0 VirtualSerial.o

.debug_str      0x00000000    0x1b0dd
 *(.debug_str)
 .debug_str     0x00000000    0x1625a ADC.o
                              0x164c9 (size before relaxing)
 .debug_str     0x0001625a      0x19f buttons.o
                              0x1665c (size before relaxing)
 .debug_str     0x000163f9       0x55 clock.o
                              0x16527 (size before relaxing)
 .debug_str     0x0001644e      0x95d Descriptors.o
                              0x157f4 (size before relaxing)
 .debug_str     0x00016dab     0x2454 lcd_lib_2.o
                              0x18929 (size before relaxing)
 .debug_str     0x000191ff       0x58 pressure.o
                              0x16516 (size before relaxing)
 .debug_str     0x00019257      0x81b src/LUFA/LUFA/Drivers/USB/Class/Device/CDCClassDevice.o
                              0x15644 (size before relaxing)
 .debug_str     0x00019a72      0x8ad src/LUFA/LUFA/Drivers/USB/Core/AVR8/EndpointStream_AVR8.o
                               0xf9f8 (size before relaxing)
 .debug_str     0x0001a31f      0x1c6 src/LUFA/LUFA/Drivers/USB/Core/AVR8/Endpoint_AVR8.o
                               0xf0a6 (size before relaxing)
 .debug_str     0x0001a4e5      0x2ad src/LUFA/LUFA/Drivers/USB/Core/AVR8/USBController_AVR8.o
                               0xf006 (size before relaxing)
 .debug_str     0x0001a792      0x1e1 src/LUFA/LUFA/Drivers/USB/Core/AVR8/USBInterrupt_AVR8.o
                               0xf064 (size before relaxing)
 .debug_str     0x0001a973      0x475 src/LUFA/LUFA/Drivers/USB/Core/DeviceStandardReq.o
                               0xf477 (size before relaxing)
 .debug_str     0x0001ade8       0x53 src/LUFA/LUFA/Drivers/USB/Core/Events.o
                               0xe248 (size before relaxing)
 .debug_str     0x0001ae3b       0x62 src/LUFA/LUFA/Drivers/USB/Core/USBTask.o
                               0xee25 (size before relaxing)
 .debug_str     0x0001ae9d      0x240 VirtualSerial.o
                              0x16ab0 (size before relaxing)

.debug_loc      0x00000000     0x3eb5
 *(.debug_loc)
 .debug_loc     0x00000000      0x179 buttons.o
 .debug_loc     0x00000179      0x4d4 clock.o
 .debug_loc     0x0000064d      0x186 Descriptors.o
 .debug_loc     0x000007d3      0x397 lcd_lib_2.o
 .debug_loc     0x00000b6a      0x16d pressure.o
 .debug_loc     0x00000cd7      0x85b src/LUFA/LUFA/Drivers/USB/Class/Device/CDCClassDevice.o
 .debug_loc     0x00001532     0x1db2 src/LUFA/LUFA/Drivers/USB/Core/AVR8/EndpointStream_AVR8.o
 .debug_loc     0x000032e4      0x3f2 src/LUFA/LUFA/Drivers/USB/Core/AVR8/Endpoint_AVR8.o
 .debug_loc     0x000036d6       0x49 src/LUFA/LUFA/Drivers/USB/Core/AVR8/USBController_AVR8.o
 .debug_loc     0x0000371f      0x333 src/LUFA/LUFA/Drivers/USB/Core/AVR8/USBInterrupt_AVR8.o
 .debug_loc     0x00003a52      0x2be src/LUFA/LUFA/Drivers/USB/Core/DeviceStandardReq.o
 .debug_loc     0x00003d10       0x49 src/LUFA/LUFA/Drivers/USB/Core/USBTask.o
 .debug_loc     0x00003d59      0x15c VirtualSerial.o

.debug_macinfo
 *(.debug_macinfo)

.debug_weaknames
 *(.debug_weaknames)

.debug_funcnames
 *(.debug_funcnames)

.debug_typenames
 *(.debug_typenames)

.debug_varnames
 *(.debug_varnames)

.debug_pubtypes
 *(.debug_pubtypes)

.debug_ranges   0x00000000      0x560
 *(.debug_ranges)
 .debug_ranges  0x00000000       0x10 ADC.o
 .debug_ranges  0x00000010       0x58 buttons.o
 .debug_ranges  0x00000068       0x38 clock.o
 .debug_ranges  0x000000a0       0x10 Descriptors.o
 .debug_ranges  0x000000b0       0x48 lcd_lib_2.o
 .debug_ranges  0x000000f8       0x18 pressure.o
 .debug_ranges  0x00000110       0x88 src/LUFA/LUFA/Drivers/USB/Class/Device/CDCClassDevice.o
 .debug_ranges  0x00000198      0x250 src/LUFA/LUFA/Drivers/USB/Core/AVR8/EndpointStream_AVR8.o
 .debug_ranges  0x000003e8       0x90 src/LUFA/LUFA/Drivers/USB/Core/AVR8/Endpoint_AVR8.o
 .debug_ranges  0x00000478       0x20 src/LUFA/LUFA/Drivers/USB/Core/AVR8/USBController_AVR8.o
 .debug_ranges  0x00000498       0x28 src/LUFA/LUFA/Drivers/USB/Core/AVR8/USBInterrupt_AVR8.o
 .debug_ranges  0x000004c0       0x28 src/LUFA/LUFA/Drivers/USB/Core/DeviceStandardReq.o
 .debug_ranges  0x000004e8       0x10 src/LUFA/LUFA/Drivers/USB/Core/Events.o
 .debug_ranges  0x000004f8       0x10 src/LUFA/LUFA/Drivers/USB/Core/USBTask.o
 .debug_ranges  0x00000508       0x58 VirtualSerial.o

.debug_macro    0x00000000     0x94f1
 *(.debug_macro)
 .debug_macro   0x00000000      0x4f1 ADC.o
 .debug_macro   0x000004f1      0xa54 ADC.o
 .debug_macro   0x00000f45       0x10 ADC.o
 .debug_macro   0x00000f55      0x1ad ADC.o
 .debug_macro   0x00001102      0x293 ADC.o
 .debug_macro   0x00001395       0x9e ADC.o
 .debug_macro   0x00001433     0x20f4 ADC.o
 .debug_macro   0x00003527      0x14f ADC.o
 .debug_macro   0x00003676       0xd9 ADC.o
 .debug_macro   0x0000374f       0x34 ADC.o
 .debug_macro   0x00003783       0x18 ADC.o
 .debug_macro   0x0000379b       0x6c ADC.o
 .debug_macro   0x00003807       0x76 ADC.o
 .debug_macro   0x0000387d       0xab ADC.o
 .debug_macro   0x00003928       0x69 ADC.o
 .debug_macro   0x00003991       0x10 ADC.o
 .debug_macro   0x000039a1       0x89 ADC.o
 .debug_macro   0x00003a2a      0x181 ADC.o
 .debug_macro   0x00003bab       0x87 ADC.o
 .debug_macro   0x00003c32       0xef ADC.o
 .debug_macro   0x00003d21       0x35 ADC.o
 .debug_macro   0x00003d56       0x58 ADC.o
 .debug_macro   0x00003dae       0x10 ADC.o
 .debug_macro   0x00003dbe       0x35 ADC.o
 .debug_macro   0x00003df3       0xeb ADC.o
 .debug_macro   0x00003ede       0x1c ADC.o
 .debug_macro   0x00003efa       0x5a ADC.o
 .debug_macro   0x00003f54       0x16 ADC.o
 .debug_macro   0x00003f6a       0x12 ADC.o
 .debug_macro   0x00003f7c       0x10 ADC.o
 .debug_macro   0x00003f8c       0x22 ADC.o
 .debug_macro   0x00003fae       0x22 ADC.o
 .debug_macro   0x00003fd0      0x199 ADC.o
 .debug_macro   0x00004169       0x2f ADC.o
 .debug_macro   0x00004198       0x1c ADC.o
 .debug_macro   0x000041b4       0x68 ADC.o
 .debug_macro   0x0000421c       0x2e ADC.o
 .debug_macro   0x0000424a      0x10c ADC.o
 .debug_macro   0x00004356      0x160 ADC.o
 .debug_macro   0x000044b6      0x167 ADC.o
 .debug_macro   0x0000461d       0x10 ADC.o
 .debug_macro   0x0000462d       0x1c ADC.o
 .debug_macro   0x00004649       0x86 ADC.o
 .debug_macro   0x000046cf       0x3c ADC.o
 .debug_macro   0x0000470b       0x19 ADC.o
 .debug_macro   0x00004724       0x4d ADC.o
 .debug_macro   0x00004771       0x73 ADC.o
 .debug_macro   0x000047e4       0x16 ADC.o
 .debug_macro   0x000047fa       0x12 ADC.o
 .debug_macro   0x0000480c       0x22 ADC.o
 .debug_macro   0x0000482e       0x64 ADC.o
 .debug_macro   0x00004892       0x41 ADC.o
 .debug_macro   0x000048d3       0x10 ADC.o
 .debug_macro   0x000048e3       0x1c ADC.o
 .debug_macro   0x000048ff       0x16 ADC.o
 .debug_macro   0x00004915       0x16 ADC.o
 .debug_macro   0x0000492b      0x12c ADC.o
 .debug_macro   0x00004a57       0x16 ADC.o
 .debug_macro   0x00004a6d       0x46 ADC.o
 .debug_macro   0x00004ab3       0x16 ADC.o
 .debug_macro   0x00004ac9      0x154 ADC.o
 .debug_macro   0x00004c1d       0x2a ADC.o
 .debug_macro   0x00004c47      0x6ce ADC.o
 .debug_macro   0x00005315       0x16 ADC.o
 .debug_macro   0x0000532b      0x132 ADC.o
 .debug_macro   0x0000545d       0x16 ADC.o
 .debug_macro   0x00005473       0x10 ADC.o
 .debug_macro   0x00005483       0x6c ADC.o
 .debug_macro   0x000054ef       0x16 ADC.o
 .debug_macro   0x00005505       0x1c ADC.o
 .debug_macro   0x00005521       0x16 ADC.o
 .debug_macro   0x00005537       0x10 ADC.o
 .debug_macro   0x00005547      0x1be ADC.o
 .debug_macro   0x00005705       0x16 ADC.o
 .debug_macro   0x0000571b       0x22 ADC.o
 .debug_macro   0x0000573d       0xb2 ADC.o
 .debug_macro   0x000057ef       0x5e ADC.o
 .debug_macro   0x0000584d       0x94 ADC.o
 .debug_macro   0x000058e1       0x10 ADC.o
 .debug_macro   0x000058f1       0x2e ADC.o
 .debug_macro   0x0000591f       0x2e ADC.o
 .debug_macro   0x0000594d       0x52 ADC.o
 .debug_macro   0x0000599f       0x1c ADC.o
 .debug_macro   0x000059bb      0x4f1 buttons.o
 .debug_macro   0x00005eac       0x22 buttons.o
 .debug_macro   0x00005ece       0x8e buttons.o
 .debug_macro   0x00005f5c      0x4eb clock.o
 .debug_macro   0x00006447      0x439 Descriptors.o
 .debug_macro   0x00006880       0xaa Descriptors.o
 .debug_macro   0x0000692a       0x20 Descriptors.o
 .debug_macro   0x0000694a      0x548 lcd_lib_2.o
 .debug_macro   0x00006e92       0x58 lcd_lib_2.o
 .debug_macro   0x00006eea      0x2df lcd_lib_2.o
 .debug_macro   0x000071c9      0x4eb pressure.o
 .debug_macro   0x000076b4      0x442 src/LUFA/LUFA/Drivers/USB/Class/Device/CDCClassDevice.o
 .debug_macro   0x00007af6      0x60e src/LUFA/LUFA/Drivers/USB/Core/AVR8/EndpointStream_AVR8.o
 .debug_macro   0x00008104       0x28 src/LUFA/LUFA/Drivers/USB/Core/AVR8/EndpointStream_AVR8.o
 .debug_macro   0x0000812c       0x1c src/LUFA/LUFA/Drivers/USB/Core/AVR8/EndpointStream_AVR8.o
 .debug_macro   0x00008148       0x1c src/LUFA/LUFA/Drivers/USB/Core/AVR8/EndpointStream_AVR8.o
 .debug_macro   0x00008164      0x2a5 src/LUFA/LUFA/Drivers/USB/Core/AVR8/Endpoint_AVR8.o
 .debug_macro   0x00008409       0x10 src/LUFA/LUFA/Drivers/USB/Core/AVR8/Endpoint_AVR8.o
 .debug_macro   0x00008419      0x277 src/LUFA/LUFA/Drivers/USB/Core/AVR8/USBController_AVR8.o
 .debug_macro   0x00008690       0x79 src/LUFA/LUFA/Drivers/USB/Core/AVR8/USBController_AVR8.o
 .debug_macro   0x00008709      0x27f src/LUFA/LUFA/Drivers/USB/Core/AVR8/USBInterrupt_AVR8.o
 .debug_macro   0x00008988      0x27d src/LUFA/LUFA/Drivers/USB/Core/DeviceStandardReq.o
 .debug_macro   0x00008c05      0x182 src/LUFA/LUFA/Drivers/USB/Core/Events.o
 .debug_macro   0x00008d87      0x283 src/LUFA/LUFA/Drivers/USB/Core/USBTask.o
 .debug_macro   0x0000900a      0x4e7 VirtualSerial.o
OUTPUT(A-SUN.elf elf32-avr)
LOAD linker stubs
